Archive member included to satisfy reference by file (symbol)

/usr/bin/../lib/gcc/arm-none-eabi/7.3.1/../../../../arm-none-eabi/lib/thumb/v7e-m/fpv4-sp/hard/libc_nano.a(lib_a-exit.o)
                              /usr/bin/../lib/gcc/arm-none-eabi/7.3.1/../../../../arm-none-eabi/lib/thumb/v7e-m/fpv4-sp/hard/crt0.o (exit)
/usr/bin/../lib/gcc/arm-none-eabi/7.3.1/../../../../arm-none-eabi/lib/thumb/v7e-m/fpv4-sp/hard/libc_nano.a(lib_a-impure.o)
                              /usr/bin/../lib/gcc/arm-none-eabi/7.3.1/../../../../arm-none-eabi/lib/thumb/v7e-m/fpv4-sp/hard/libc_nano.a(lib_a-exit.o) (_global_impure_ptr)
/usr/bin/../lib/gcc/arm-none-eabi/7.3.1/../../../../arm-none-eabi/lib/thumb/v7e-m/fpv4-sp/hard/libc_nano.a(lib_a-init.o)
                              /usr/bin/../lib/gcc/arm-none-eabi/7.3.1/../../../../arm-none-eabi/lib/thumb/v7e-m/fpv4-sp/hard/crt0.o (__libc_init_array)
/usr/bin/../lib/gcc/arm-none-eabi/7.3.1/../../../../arm-none-eabi/lib/thumb/v7e-m/fpv4-sp/hard/libc_nano.a(lib_a-memset.o)
                              /usr/bin/../lib/gcc/arm-none-eabi/7.3.1/../../../../arm-none-eabi/lib/thumb/v7e-m/fpv4-sp/hard/crt0.o (memset)
/usr/bin/../lib/gcc/arm-none-eabi/7.3.1/../../../../arm-none-eabi/lib/thumb/v7e-m/fpv4-sp/hard/libnosys.a(_exit.o)
                              /usr/bin/../lib/gcc/arm-none-eabi/7.3.1/../../../../arm-none-eabi/lib/thumb/v7e-m/fpv4-sp/hard/libc_nano.a(lib_a-exit.o) (_exit)
/usr/bin/../lib/gcc/arm-none-eabi/7.3.1/thumb/v7e-m/fpv4-sp/hard/libgcc.a(_aeabi_uldivmod.o)
                              build/stm32f4xx_hal_rcc.o (__aeabi_uldivmod)
/usr/bin/../lib/gcc/arm-none-eabi/7.3.1/thumb/v7e-m/fpv4-sp/hard/libgcc.a(_udivmoddi4.o)
                              /usr/bin/../lib/gcc/arm-none-eabi/7.3.1/thumb/v7e-m/fpv4-sp/hard/libgcc.a(_aeabi_uldivmod.o) (__udivmoddi4)
/usr/bin/../lib/gcc/arm-none-eabi/7.3.1/thumb/v7e-m/fpv4-sp/hard/libgcc.a(_dvmd_tls.o)
                              /usr/bin/../lib/gcc/arm-none-eabi/7.3.1/thumb/v7e-m/fpv4-sp/hard/libgcc.a(_aeabi_uldivmod.o) (__aeabi_ldiv0)

Allocating common symbols
Common symbol       size              file

uwTick              0x4               build/stm32f4xx_hal.o
pFlash              0x20              build/stm32f4xx_hal_flash.o

Discarded input sections

 .text          0x0000000000000000        0x0 /usr/bin/../lib/gcc/arm-none-eabi/7.3.1/thumb/v7e-m/fpv4-sp/hard/crti.o
 .data          0x0000000000000000        0x0 /usr/bin/../lib/gcc/arm-none-eabi/7.3.1/thumb/v7e-m/fpv4-sp/hard/crti.o
 .bss           0x0000000000000000        0x0 /usr/bin/../lib/gcc/arm-none-eabi/7.3.1/thumb/v7e-m/fpv4-sp/hard/crti.o
 .data          0x0000000000000000        0x4 /usr/bin/../lib/gcc/arm-none-eabi/7.3.1/thumb/v7e-m/fpv4-sp/hard/crtbegin.o
 .text          0x0000000000000000       0x74 /usr/bin/../lib/gcc/arm-none-eabi/7.3.1/../../../../arm-none-eabi/lib/thumb/v7e-m/fpv4-sp/hard/crt0.o
 .data          0x0000000000000000        0x0 /usr/bin/../lib/gcc/arm-none-eabi/7.3.1/../../../../arm-none-eabi/lib/thumb/v7e-m/fpv4-sp/hard/crt0.o
 .bss           0x0000000000000000        0x0 /usr/bin/../lib/gcc/arm-none-eabi/7.3.1/../../../../arm-none-eabi/lib/thumb/v7e-m/fpv4-sp/hard/crt0.o
 .ARM.extab     0x0000000000000000        0x0 /usr/bin/../lib/gcc/arm-none-eabi/7.3.1/../../../../arm-none-eabi/lib/thumb/v7e-m/fpv4-sp/hard/crt0.o
 .ARM.exidx     0x0000000000000000        0x8 /usr/bin/../lib/gcc/arm-none-eabi/7.3.1/../../../../arm-none-eabi/lib/thumb/v7e-m/fpv4-sp/hard/crt0.o
 .ARM.attributes
                0x0000000000000000       0x20 /usr/bin/../lib/gcc/arm-none-eabi/7.3.1/../../../../arm-none-eabi/lib/thumb/v7e-m/fpv4-sp/hard/crt0.o
 .text          0x0000000000000000        0x0 build/main.o
 .data          0x0000000000000000        0x0 build/main.o
 .bss           0x0000000000000000        0x0 build/main.o
 .text          0x0000000000000000        0x0 build/led.o
 .data          0x0000000000000000        0x0 build/led.o
 .bss           0x0000000000000000        0x0 build/led.o
 .text          0x0000000000000000        0x0 build/system_stm32f4xx.o
 .data          0x0000000000000000        0x0 build/system_stm32f4xx.o
 .bss           0x0000000000000000        0x0 build/system_stm32f4xx.o
 .text.SystemCoreClockUpdate
                0x0000000000000000       0xa0 build/system_stm32f4xx.o
 .rodata.AHBPrescTable
                0x0000000000000000       0x10 build/system_stm32f4xx.o
 .rodata.APBPrescTable
                0x0000000000000000        0x8 build/system_stm32f4xx.o
 .text          0x0000000000000000        0x0 build/stm32f4xx_hal_tim.o
 .data          0x0000000000000000        0x0 build/stm32f4xx_hal_tim.o
 .bss           0x0000000000000000        0x0 build/stm32f4xx_hal_tim.o
 .debug_info    0x0000000000000000      0x173 build/stm32f4xx_hal_tim.o
 .debug_abbrev  0x0000000000000000       0x8f build/stm32f4xx_hal_tim.o
 .debug_aranges
                0x0000000000000000       0x18 build/stm32f4xx_hal_tim.o
 .debug_line    0x0000000000000000      0x118 build/stm32f4xx_hal_tim.o
 .debug_str     0x0000000000000000      0x29e build/stm32f4xx_hal_tim.o
 .comment       0x0000000000000000       0x80 build/stm32f4xx_hal_tim.o
 .ARM.attributes
                0x0000000000000000       0x39 build/stm32f4xx_hal_tim.o
 .text          0x0000000000000000        0x0 build/stm32f4xx_hal_tim_ex.o
 .data          0x0000000000000000        0x0 build/stm32f4xx_hal_tim_ex.o
 .bss           0x0000000000000000        0x0 build/stm32f4xx_hal_tim_ex.o
 .debug_info    0x0000000000000000      0x173 build/stm32f4xx_hal_tim_ex.o
 .debug_abbrev  0x0000000000000000       0x8f build/stm32f4xx_hal_tim_ex.o
 .debug_aranges
                0x0000000000000000       0x18 build/stm32f4xx_hal_tim_ex.o
 .debug_line    0x0000000000000000      0x118 build/stm32f4xx_hal_tim_ex.o
 .debug_str     0x0000000000000000      0x2a1 build/stm32f4xx_hal_tim_ex.o
 .comment       0x0000000000000000       0x80 build/stm32f4xx_hal_tim_ex.o
 .ARM.attributes
                0x0000000000000000       0x39 build/stm32f4xx_hal_tim_ex.o
 .text          0x0000000000000000        0x0 build/stm32f4xx_hal_rcc.o
 .data          0x0000000000000000        0x0 build/stm32f4xx_hal_rcc.o
 .bss           0x0000000000000000        0x0 build/stm32f4xx_hal_rcc.o
 .text.HAL_RCC_DeInit
                0x0000000000000000        0x4 build/stm32f4xx_hal_rcc.o
 .text.HAL_RCC_OscConfig
                0x0000000000000000      0x3f8 build/stm32f4xx_hal_rcc.o
 .text.HAL_RCC_MCOConfig
                0x0000000000000000       0x9c build/stm32f4xx_hal_rcc.o
 .text.HAL_RCC_EnableCSS
                0x0000000000000000        0xc build/stm32f4xx_hal_rcc.o
 .text.HAL_RCC_DisableCSS
                0x0000000000000000        0xc build/stm32f4xx_hal_rcc.o
 .text.HAL_RCC_GetSysClockFreq
                0x0000000000000000       0xa8 build/stm32f4xx_hal_rcc.o
 .text.HAL_RCC_ClockConfig
                0x0000000000000000      0x160 build/stm32f4xx_hal_rcc.o
 .text.HAL_RCC_GetHCLKFreq
                0x0000000000000000        0xc build/stm32f4xx_hal_rcc.o
 .text.HAL_RCC_GetPCLK1Freq
                0x0000000000000000       0x20 build/stm32f4xx_hal_rcc.o
 .text.HAL_RCC_GetPCLK2Freq
                0x0000000000000000       0x20 build/stm32f4xx_hal_rcc.o
 .text.HAL_RCC_GetOscConfig
                0x0000000000000000       0xcc build/stm32f4xx_hal_rcc.o
 .text.HAL_RCC_GetClockConfig
                0x0000000000000000       0x3c build/stm32f4xx_hal_rcc.o
 .text.HAL_RCC_CSSCallback
                0x0000000000000000        0x2 build/stm32f4xx_hal_rcc.o
 .text.HAL_RCC_NMI_IRQHandler
                0x0000000000000000       0x24 build/stm32f4xx_hal_rcc.o
 .debug_info    0x0000000000000000      0xba2 build/stm32f4xx_hal_rcc.o
 .debug_abbrev  0x0000000000000000      0x28d build/stm32f4xx_hal_rcc.o
 .debug_loc     0x0000000000000000      0x573 build/stm32f4xx_hal_rcc.o
 .debug_aranges
                0x0000000000000000       0x88 build/stm32f4xx_hal_rcc.o
 .debug_ranges  0x0000000000000000       0x90 build/stm32f4xx_hal_rcc.o
 .debug_line    0x0000000000000000      0x461 build/stm32f4xx_hal_rcc.o
 .debug_str     0x0000000000000000      0x798 build/stm32f4xx_hal_rcc.o
 .comment       0x0000000000000000       0x80 build/stm32f4xx_hal_rcc.o
 .debug_frame   0x0000000000000000      0x1c4 build/stm32f4xx_hal_rcc.o
 .ARM.attributes
                0x0000000000000000       0x39 build/stm32f4xx_hal_rcc.o
 .text          0x0000000000000000        0x0 build/stm32f4xx_hal_rcc_ex.o
 .data          0x0000000000000000        0x0 build/stm32f4xx_hal_rcc_ex.o
 .bss           0x0000000000000000        0x0 build/stm32f4xx_hal_rcc_ex.o
 .text.HAL_RCCEx_PeriphCLKConfig
                0x0000000000000000      0x16c build/stm32f4xx_hal_rcc_ex.o
 .text.HAL_RCCEx_GetPeriphCLKConfig
                0x0000000000000000       0x44 build/stm32f4xx_hal_rcc_ex.o
 .text.HAL_RCCEx_GetPeriphCLKFreq
                0x0000000000000000       0x74 build/stm32f4xx_hal_rcc_ex.o
 .text.HAL_RCCEx_EnablePLLI2S
                0x0000000000000000       0x68 build/stm32f4xx_hal_rcc_ex.o
 .text.HAL_RCCEx_DisablePLLI2S
                0x0000000000000000       0x34 build/stm32f4xx_hal_rcc_ex.o
 .text.HAL_RCC_DeInit
                0x0000000000000000      0x140 build/stm32f4xx_hal_rcc_ex.o
 .debug_info    0x0000000000000000      0x76e build/stm32f4xx_hal_rcc_ex.o
 .debug_abbrev  0x0000000000000000      0x195 build/stm32f4xx_hal_rcc_ex.o
 .debug_loc     0x0000000000000000      0x36b build/stm32f4xx_hal_rcc_ex.o
 .debug_aranges
                0x0000000000000000       0x48 build/stm32f4xx_hal_rcc_ex.o
 .debug_ranges  0x0000000000000000       0x38 build/stm32f4xx_hal_rcc_ex.o
 .debug_line    0x0000000000000000      0x2bd build/stm32f4xx_hal_rcc_ex.o
 .debug_str     0x0000000000000000      0x597 build/stm32f4xx_hal_rcc_ex.o
 .comment       0x0000000000000000       0x80 build/stm32f4xx_hal_rcc_ex.o
 .debug_frame   0x0000000000000000       0xb4 build/stm32f4xx_hal_rcc_ex.o
 .ARM.attributes
                0x0000000000000000       0x39 build/stm32f4xx_hal_rcc_ex.o
 .text          0x0000000000000000        0x0 build/stm32f4xx_hal_flash.o
 .data          0x0000000000000000        0x0 build/stm32f4xx_hal_flash.o
 .bss           0x0000000000000000        0x0 build/stm32f4xx_hal_flash.o
 .text.FLASH_Program_DoubleWord
                0x0000000000000000       0x30 build/stm32f4xx_hal_flash.o
 .text.FLASH_Program_Word
                0x0000000000000000       0x24 build/stm32f4xx_hal_flash.o
 .text.FLASH_Program_HalfWord
                0x0000000000000000       0x24 build/stm32f4xx_hal_flash.o
 .text.FLASH_Program_Byte
                0x0000000000000000       0x20 build/stm32f4xx_hal_flash.o
 .text.FLASH_SetErrorCode
                0x0000000000000000       0xa8 build/stm32f4xx_hal_flash.o
 .text.HAL_FLASH_Program_IT
                0x0000000000000000       0x68 build/stm32f4xx_hal_flash.o
 .text.HAL_FLASH_EndOfOperationCallback
                0x0000000000000000        0x2 build/stm32f4xx_hal_flash.o
 .text.HAL_FLASH_OperationErrorCallback
                0x0000000000000000        0x2 build/stm32f4xx_hal_flash.o
 .text.HAL_FLASH_IRQHandler
                0x0000000000000000       0xf4 build/stm32f4xx_hal_flash.o
 .text.HAL_FLASH_Unlock
                0x0000000000000000       0x30 build/stm32f4xx_hal_flash.o
 .text.HAL_FLASH_Lock
                0x0000000000000000       0x14 build/stm32f4xx_hal_flash.o
 .text.HAL_FLASH_OB_Unlock
                0x0000000000000000       0x28 build/stm32f4xx_hal_flash.o
 .text.HAL_FLASH_OB_Lock
                0x0000000000000000       0x14 build/stm32f4xx_hal_flash.o
 .text.HAL_FLASH_GetError
                0x0000000000000000        0xc build/stm32f4xx_hal_flash.o
 .text.FLASH_WaitForLastOperation
                0x0000000000000000       0x64 build/stm32f4xx_hal_flash.o
 .text.HAL_FLASH_Program
                0x0000000000000000       0x80 build/stm32f4xx_hal_flash.o
 .text.HAL_FLASH_OB_Launch
                0x0000000000000000       0x1c build/stm32f4xx_hal_flash.o
 .debug_info    0x0000000000000000      0x81b build/stm32f4xx_hal_flash.o
 .debug_abbrev  0x0000000000000000      0x2b8 build/stm32f4xx_hal_flash.o
 .debug_loc     0x0000000000000000      0x423 build/stm32f4xx_hal_flash.o
 .debug_aranges
                0x0000000000000000       0xa0 build/stm32f4xx_hal_flash.o
 .debug_ranges  0x0000000000000000       0x90 build/stm32f4xx_hal_flash.o
 .debug_line    0x0000000000000000      0x3d1 build/stm32f4xx_hal_flash.o
 .debug_str     0x0000000000000000      0x612 build/stm32f4xx_hal_flash.o
 .comment       0x0000000000000000       0x80 build/stm32f4xx_hal_flash.o
 .debug_frame   0x0000000000000000      0x17c build/stm32f4xx_hal_flash.o
 .ARM.attributes
                0x0000000000000000       0x39 build/stm32f4xx_hal_flash.o
 COMMON         0x0000000000000000       0x20 build/stm32f4xx_hal_flash.o
 .text          0x0000000000000000        0x0 build/stm32f4xx_hal_flash_ex.o
 .data          0x0000000000000000        0x0 build/stm32f4xx_hal_flash_ex.o
 .bss           0x0000000000000000        0x0 build/stm32f4xx_hal_flash_ex.o
 .text.FLASH_MassErase
                0x0000000000000000       0x24 build/stm32f4xx_hal_flash_ex.o
 .text.FLASH_OB_BOR_LevelConfig
                0x0000000000000000       0x18 build/stm32f4xx_hal_flash_ex.o
 .text.FLASH_OB_GetUser
                0x0000000000000000       0x10 build/stm32f4xx_hal_flash_ex.o
 .text.FLASH_OB_GetWRP
                0x0000000000000000        0xc build/stm32f4xx_hal_flash_ex.o
 .text.FLASH_OB_GetRDP
                0x0000000000000000       0x24 build/stm32f4xx_hal_flash_ex.o
 .text.FLASH_OB_GetBOR
                0x0000000000000000       0x10 build/stm32f4xx_hal_flash_ex.o
 .text.FLASH_OB_EnableWRP
                0x0000000000000000       0x24 build/stm32f4xx_hal_flash_ex.o
 .text.FLASH_OB_DisableWRP
                0x0000000000000000       0x24 build/stm32f4xx_hal_flash_ex.o
 .text.FLASH_OB_RDP_LevelConfig
                0x0000000000000000       0x1c build/stm32f4xx_hal_flash_ex.o
 .text.FLASH_OB_UserConfig
                0x0000000000000000       0x2c build/stm32f4xx_hal_flash_ex.o
 .text.FLASH_OB_EnablePCROP
                0x0000000000000000       0x24 build/stm32f4xx_hal_flash_ex.o
 .text.FLASH_OB_DisablePCROP
                0x0000000000000000       0x24 build/stm32f4xx_hal_flash_ex.o
 .text.HAL_FLASHEx_OBProgram
                0x0000000000000000       0x84 build/stm32f4xx_hal_flash_ex.o
 .text.HAL_FLASHEx_OBGetConfig
                0x0000000000000000       0x22 build/stm32f4xx_hal_flash_ex.o
 .text.HAL_FLASHEx_AdvOBProgram
                0x0000000000000000       0x24 build/stm32f4xx_hal_flash_ex.o
 .text.HAL_FLASHEx_AdvOBGetConfig
                0x0000000000000000        0xc build/stm32f4xx_hal_flash_ex.o
 .text.HAL_FLASHEx_OB_SelectPCROP
                0x0000000000000000       0x14 build/stm32f4xx_hal_flash_ex.o
 .text.HAL_FLASHEx_OB_DeSelectPCROP
                0x0000000000000000       0x14 build/stm32f4xx_hal_flash_ex.o
 .text.FLASH_Erase_Sector
                0x0000000000000000       0x58 build/stm32f4xx_hal_flash_ex.o
 .text.HAL_FLASHEx_Erase_IT
                0x0000000000000000       0x6c build/stm32f4xx_hal_flash_ex.o
 .text.FLASH_FlushCaches
                0x0000000000000000       0x60 build/stm32f4xx_hal_flash_ex.o
 .text.HAL_FLASHEx_Erase
                0x0000000000000000       0x94 build/stm32f4xx_hal_flash_ex.o
 .debug_info    0x0000000000000000      0xa8f build/stm32f4xx_hal_flash_ex.o
 .debug_abbrev  0x0000000000000000      0x29c build/stm32f4xx_hal_flash_ex.o
 .debug_loc     0x0000000000000000      0x82b build/stm32f4xx_hal_flash_ex.o
 .debug_aranges
                0x0000000000000000       0xc8 build/stm32f4xx_hal_flash_ex.o
 .debug_ranges  0x0000000000000000       0xb8 build/stm32f4xx_hal_flash_ex.o
 .debug_line    0x0000000000000000      0x41a build/stm32f4xx_hal_flash_ex.o
 .debug_str     0x0000000000000000      0x735 build/stm32f4xx_hal_flash_ex.o
 .comment       0x0000000000000000       0x80 build/stm32f4xx_hal_flash_ex.o
 .debug_frame   0x0000000000000000      0x218 build/stm32f4xx_hal_flash_ex.o
 .ARM.attributes
                0x0000000000000000       0x39 build/stm32f4xx_hal_flash_ex.o
 .text          0x0000000000000000        0x0 build/stm32f4xx_hal_flash_ramfunc.o
 .data          0x0000000000000000        0x0 build/stm32f4xx_hal_flash_ramfunc.o
 .bss           0x0000000000000000        0x0 build/stm32f4xx_hal_flash_ramfunc.o
 .debug_info    0x0000000000000000      0x173 build/stm32f4xx_hal_flash_ramfunc.o
 .debug_abbrev  0x0000000000000000       0x8f build/stm32f4xx_hal_flash_ramfunc.o
 .debug_aranges
                0x0000000000000000       0x18 build/stm32f4xx_hal_flash_ramfunc.o
 .debug_line    0x0000000000000000      0x118 build/stm32f4xx_hal_flash_ramfunc.o
 .debug_str     0x0000000000000000      0x2a8 build/stm32f4xx_hal_flash_ramfunc.o
 .comment       0x0000000000000000       0x80 build/stm32f4xx_hal_flash_ramfunc.o
 .ARM.attributes
                0x0000000000000000       0x39 build/stm32f4xx_hal_flash_ramfunc.o
 .text          0x0000000000000000        0x0 build/stm32f4xx_hal_gpio.o
 .data          0x0000000000000000        0x0 build/stm32f4xx_hal_gpio.o
 .bss           0x0000000000000000        0x0 build/stm32f4xx_hal_gpio.o
 .text.HAL_GPIO_DeInit
                0x0000000000000000      0x100 build/stm32f4xx_hal_gpio.o
 .text.HAL_GPIO_ReadPin
                0x0000000000000000        0xe build/stm32f4xx_hal_gpio.o
 .text.HAL_GPIO_LockPin
                0x0000000000000000       0x2e build/stm32f4xx_hal_gpio.o
 .text.HAL_GPIO_EXTI_Callback
                0x0000000000000000        0x2 build/stm32f4xx_hal_gpio.o
 .text.HAL_GPIO_EXTI_IRQHandler
                0x0000000000000000       0x1c build/stm32f4xx_hal_gpio.o
 .text          0x0000000000000000        0x0 build/stm32f4xx_hal_dma_ex.o
 .data          0x0000000000000000        0x0 build/stm32f4xx_hal_dma_ex.o
 .bss           0x0000000000000000        0x0 build/stm32f4xx_hal_dma_ex.o
 .text.DMA_MultiBufferSetConfig
                0x0000000000000000       0x24 build/stm32f4xx_hal_dma_ex.o
 .text.HAL_DMAEx_MultiBufferStart
                0x0000000000000000       0x5e build/stm32f4xx_hal_dma_ex.o
 .text.HAL_DMAEx_MultiBufferStart_IT
                0x0000000000000000      0xefc build/stm32f4xx_hal_dma_ex.o
 .text.HAL_DMAEx_ChangeMemory
                0x0000000000000000       0x10 build/stm32f4xx_hal_dma_ex.o
 .debug_info    0x0000000000000000      0x665 build/stm32f4xx_hal_dma_ex.o
 .debug_abbrev  0x0000000000000000      0x1bb build/stm32f4xx_hal_dma_ex.o
 .debug_loc     0x0000000000000000      0x4c3 build/stm32f4xx_hal_dma_ex.o
 .debug_aranges
                0x0000000000000000       0x38 build/stm32f4xx_hal_dma_ex.o
 .debug_ranges  0x0000000000000000       0x28 build/stm32f4xx_hal_dma_ex.o
 .debug_line    0x0000000000000000      0x84b build/stm32f4xx_hal_dma_ex.o
 .debug_str     0x0000000000000000      0x623 build/stm32f4xx_hal_dma_ex.o
 .comment       0x0000000000000000       0x80 build/stm32f4xx_hal_dma_ex.o
 .debug_frame   0x0000000000000000       0x80 build/stm32f4xx_hal_dma_ex.o
 .ARM.attributes
                0x0000000000000000       0x39 build/stm32f4xx_hal_dma_ex.o
 .text          0x0000000000000000        0x0 build/stm32f4xx_hal_dma.o
 .data          0x0000000000000000        0x0 build/stm32f4xx_hal_dma.o
 .bss           0x0000000000000000        0x0 build/stm32f4xx_hal_dma.o
 .text.DMA_SetConfig
                0x0000000000000000       0x2c build/stm32f4xx_hal_dma.o
 .text.DMA_CalcBaseAndBitshift
                0x0000000000000000       0x3c build/stm32f4xx_hal_dma.o
 .text.DMA_CheckFifoParam
                0x0000000000000000       0x8e build/stm32f4xx_hal_dma.o
 .text.HAL_DMA_Init
                0x0000000000000000       0xcc build/stm32f4xx_hal_dma.o
 .text.HAL_DMA_DeInit
                0x0000000000000000       0x66 build/stm32f4xx_hal_dma.o
 .text.HAL_DMA_Start
                0x0000000000000000       0x48 build/stm32f4xx_hal_dma.o
 .text.HAL_DMA_Start_IT
                0x0000000000000000       0x6a build/stm32f4xx_hal_dma.o
 .text.HAL_DMA_Abort
                0x0000000000000000       0x94 build/stm32f4xx_hal_dma.o
 .text.HAL_DMA_Abort_IT
                0x0000000000000000       0x26 build/stm32f4xx_hal_dma.o
 .text.HAL_DMA_PollForTransfer
                0x0000000000000000      0x11c build/stm32f4xx_hal_dma.o
 .text.HAL_DMA_IRQHandler
                0x0000000000000000      0x1dc build/stm32f4xx_hal_dma.o
 .text.HAL_DMA_RegisterCallback
                0x0000000000000000       0x5e build/stm32f4xx_hal_dma.o
 .text.HAL_DMA_UnRegisterCallback
                0x0000000000000000       0x70 build/stm32f4xx_hal_dma.o
 .text.HAL_DMA_GetState
                0x0000000000000000        0x6 build/stm32f4xx_hal_dma.o
 .text.HAL_DMA_GetError
                0x0000000000000000        0x4 build/stm32f4xx_hal_dma.o
 .rodata.flagBitshiftOffset.7326
                0x0000000000000000        0x8 build/stm32f4xx_hal_dma.o
 .debug_info    0x0000000000000000      0xb3e build/stm32f4xx_hal_dma.o
 .debug_abbrev  0x0000000000000000      0x274 build/stm32f4xx_hal_dma.o
 .debug_loc     0x0000000000000000      0xc96 build/stm32f4xx_hal_dma.o
 .debug_aranges
                0x0000000000000000       0x90 build/stm32f4xx_hal_dma.o
 .debug_ranges  0x0000000000000000       0x80 build/stm32f4xx_hal_dma.o
 .debug_line    0x0000000000000000      0x4c9 build/stm32f4xx_hal_dma.o
 .debug_str     0x0000000000000000      0x82e build/stm32f4xx_hal_dma.o
 .comment       0x0000000000000000       0x80 build/stm32f4xx_hal_dma.o
 .debug_frame   0x0000000000000000      0x1b8 build/stm32f4xx_hal_dma.o
 .ARM.attributes
                0x0000000000000000       0x39 build/stm32f4xx_hal_dma.o
 .text          0x0000000000000000        0x0 build/stm32f4xx_hal_pwr.o
 .data          0x0000000000000000        0x0 build/stm32f4xx_hal_pwr.o
 .bss           0x0000000000000000        0x0 build/stm32f4xx_hal_pwr.o
 .text.HAL_PWR_DeInit
                0x0000000000000000       0x18 build/stm32f4xx_hal_pwr.o
 .text.HAL_PWR_EnableBkUpAccess
                0x0000000000000000       0x1c build/stm32f4xx_hal_pwr.o
 .text.HAL_PWR_DisableBkUpAccess
                0x0000000000000000       0x1c build/stm32f4xx_hal_pwr.o
 .text.HAL_PWR_ConfigPVD
                0x0000000000000000       0x84 build/stm32f4xx_hal_pwr.o
 .text.HAL_PWR_EnablePVD
                0x0000000000000000        0xc build/stm32f4xx_hal_pwr.o
 .text.HAL_PWR_DisablePVD
                0x0000000000000000        0xc build/stm32f4xx_hal_pwr.o
 .text.HAL_PWR_EnableWakeUpPin
                0x0000000000000000       0x10 build/stm32f4xx_hal_pwr.o
 .text.HAL_PWR_DisableWakeUpPin
                0x0000000000000000       0x10 build/stm32f4xx_hal_pwr.o
 .text.HAL_PWR_EnterSLEEPMode
                0x0000000000000000       0x20 build/stm32f4xx_hal_pwr.o
 .text.HAL_PWR_EnterSTOPMode
                0x0000000000000000       0x38 build/stm32f4xx_hal_pwr.o
 .text.HAL_PWR_EnterSTANDBYMode
                0x0000000000000000       0x20 build/stm32f4xx_hal_pwr.o
 .text.HAL_PWR_PVDCallback
                0x0000000000000000        0x2 build/stm32f4xx_hal_pwr.o
 .text.HAL_PWR_PVD_IRQHandler
                0x0000000000000000       0x20 build/stm32f4xx_hal_pwr.o
 .text.HAL_PWR_EnableSleepOnExit
                0x0000000000000000       0x10 build/stm32f4xx_hal_pwr.o
 .text.HAL_PWR_DisableSleepOnExit
                0x0000000000000000       0x10 build/stm32f4xx_hal_pwr.o
 .text.HAL_PWR_EnableSEVOnPend
                0x0000000000000000       0x10 build/stm32f4xx_hal_pwr.o
 .text.HAL_PWR_DisableSEVOnPend
                0x0000000000000000       0x10 build/stm32f4xx_hal_pwr.o
 .debug_info    0x0000000000000000      0x896 build/stm32f4xx_hal_pwr.o
 .debug_abbrev  0x0000000000000000      0x1c0 build/stm32f4xx_hal_pwr.o
 .debug_loc     0x0000000000000000       0xdb build/stm32f4xx_hal_pwr.o
 .debug_aranges
                0x0000000000000000       0xa0 build/stm32f4xx_hal_pwr.o
 .debug_ranges  0x0000000000000000       0x90 build/stm32f4xx_hal_pwr.o
 .debug_line    0x0000000000000000      0x2de build/stm32f4xx_hal_pwr.o
 .debug_str     0x0000000000000000      0x61b build/stm32f4xx_hal_pwr.o
 .comment       0x0000000000000000       0x80 build/stm32f4xx_hal_pwr.o
 .debug_frame   0x0000000000000000      0x13c build/stm32f4xx_hal_pwr.o
 .ARM.attributes
                0x0000000000000000       0x39 build/stm32f4xx_hal_pwr.o
 .text          0x0000000000000000        0x0 build/stm32f4xx_hal_pwr_ex.o
 .data          0x0000000000000000        0x0 build/stm32f4xx_hal_pwr_ex.o
 .bss           0x0000000000000000        0x0 build/stm32f4xx_hal_pwr_ex.o
 .text.HAL_PWREx_EnableBkUpReg
                0x0000000000000000       0x34 build/stm32f4xx_hal_pwr_ex.o
 .text.HAL_PWREx_DisableBkUpReg
                0x0000000000000000       0x34 build/stm32f4xx_hal_pwr_ex.o
 .text.HAL_PWREx_EnableFlashPowerDown
                0x0000000000000000        0xc build/stm32f4xx_hal_pwr_ex.o
 .text.HAL_PWREx_DisableFlashPowerDown
                0x0000000000000000        0xc build/stm32f4xx_hal_pwr_ex.o
 .text.HAL_PWREx_GetVoltageRange
                0x0000000000000000       0x10 build/stm32f4xx_hal_pwr_ex.o
 .text.HAL_PWREx_ControlVoltageScaling
                0x0000000000000000       0xc0 build/stm32f4xx_hal_pwr_ex.o
 .text.HAL_PWREx_EnableMainRegulatorLowVoltage
                0x0000000000000000        0xc build/stm32f4xx_hal_pwr_ex.o
 .text.HAL_PWREx_DisableMainRegulatorLowVoltage
                0x0000000000000000        0xc build/stm32f4xx_hal_pwr_ex.o
 .text.HAL_PWREx_EnableLowRegulatorLowVoltage
                0x0000000000000000        0xc build/stm32f4xx_hal_pwr_ex.o
 .text.HAL_PWREx_DisableLowRegulatorLowVoltage
                0x0000000000000000        0xc build/stm32f4xx_hal_pwr_ex.o
 .debug_info    0x0000000000000000      0x608 build/stm32f4xx_hal_pwr_ex.o
 .debug_abbrev  0x0000000000000000      0x1bc build/stm32f4xx_hal_pwr_ex.o
 .debug_loc     0x0000000000000000      0x118 build/stm32f4xx_hal_pwr_ex.o
 .debug_aranges
                0x0000000000000000       0x68 build/stm32f4xx_hal_pwr_ex.o
 .debug_ranges  0x0000000000000000       0x58 build/stm32f4xx_hal_pwr_ex.o
 .debug_line    0x0000000000000000      0x25c build/stm32f4xx_hal_pwr_ex.o
 .debug_str     0x0000000000000000      0x57e build/stm32f4xx_hal_pwr_ex.o
 .comment       0x0000000000000000       0x80 build/stm32f4xx_hal_pwr_ex.o
 .debug_frame   0x0000000000000000       0xdc build/stm32f4xx_hal_pwr_ex.o
 .ARM.attributes
                0x0000000000000000       0x39 build/stm32f4xx_hal_pwr_ex.o
 .text          0x0000000000000000        0x0 build/stm32f4xx_hal_cortex.o
 .data          0x0000000000000000        0x0 build/stm32f4xx_hal_cortex.o
 .bss           0x0000000000000000        0x0 build/stm32f4xx_hal_cortex.o
 .text.HAL_NVIC_EnableIRQ
                0x0000000000000000       0x1c build/stm32f4xx_hal_cortex.o
 .text.HAL_NVIC_DisableIRQ
                0x0000000000000000       0x24 build/stm32f4xx_hal_cortex.o
 .text.HAL_NVIC_SystemReset
                0x0000000000000000       0x24 build/stm32f4xx_hal_cortex.o
 .text.HAL_MPU_Disable
                0x0000000000000000       0x20 build/stm32f4xx_hal_cortex.o
 .text.HAL_MPU_Enable
                0x0000000000000000       0x24 build/stm32f4xx_hal_cortex.o
 .text.HAL_MPU_ConfigRegion
                0x0000000000000000       0x54 build/stm32f4xx_hal_cortex.o
 .text.HAL_NVIC_GetPriorityGrouping
                0x0000000000000000       0x10 build/stm32f4xx_hal_cortex.o
 .text.HAL_NVIC_GetPriority
                0x0000000000000000       0x60 build/stm32f4xx_hal_cortex.o
 .text.HAL_NVIC_SetPendingIRQ
                0x0000000000000000       0x1c build/stm32f4xx_hal_cortex.o
 .text.HAL_NVIC_GetPendingIRQ
                0x0000000000000000       0x24 build/stm32f4xx_hal_cortex.o
 .text.HAL_NVIC_ClearPendingIRQ
                0x0000000000000000       0x1c build/stm32f4xx_hal_cortex.o
 .text.HAL_NVIC_GetActive
                0x0000000000000000       0x24 build/stm32f4xx_hal_cortex.o
 .text.HAL_SYSTICK_CLKSourceConfig
                0x0000000000000000       0x20 build/stm32f4xx_hal_cortex.o
 .text.HAL_SYSTICK_Callback
                0x0000000000000000        0x2 build/stm32f4xx_hal_cortex.o
 .text.HAL_SYSTICK_IRQHandler
                0x0000000000000000        0x8 build/stm32f4xx_hal_cortex.o
 .text          0x0000000000000000        0x0 build/stm32f4xx_hal.o
 .data          0x0000000000000000        0x0 build/stm32f4xx_hal.o
 .bss           0x0000000000000000        0x0 build/stm32f4xx_hal.o
 .text.HAL_MspDeInit
                0x0000000000000000        0x2 build/stm32f4xx_hal.o
 .text.HAL_DeInit
                0x0000000000000000       0x2c build/stm32f4xx_hal.o
 .text.HAL_GetTickPrio
                0x0000000000000000        0xc build/stm32f4xx_hal.o
 .text.HAL_SetTickFreq
                0x0000000000000000       0x2c build/stm32f4xx_hal.o
 .text.HAL_GetTickFreq
                0x0000000000000000        0xc build/stm32f4xx_hal.o
 .text.HAL_SuspendTick
                0x0000000000000000       0x10 build/stm32f4xx_hal.o
 .text.HAL_ResumeTick
                0x0000000000000000       0x10 build/stm32f4xx_hal.o
 .text.HAL_GetHalVersion
                0x0000000000000000        0x8 build/stm32f4xx_hal.o
 .text.HAL_GetREVID
                0x0000000000000000        0xc build/stm32f4xx_hal.o
 .text.HAL_GetDEVID
                0x0000000000000000       0x10 build/stm32f4xx_hal.o
 .text.HAL_DBGMCU_EnableDBGSleepMode
                0x0000000000000000       0x10 build/stm32f4xx_hal.o
 .text.HAL_DBGMCU_DisableDBGSleepMode
                0x0000000000000000       0x10 build/stm32f4xx_hal.o
 .text.HAL_DBGMCU_EnableDBGStopMode
                0x0000000000000000       0x10 build/stm32f4xx_hal.o
 .text.HAL_DBGMCU_DisableDBGStopMode
                0x0000000000000000       0x10 build/stm32f4xx_hal.o
 .text.HAL_DBGMCU_EnableDBGStandbyMode
                0x0000000000000000       0x10 build/stm32f4xx_hal.o
 .text.HAL_DBGMCU_DisableDBGStandbyMode
                0x0000000000000000       0x10 build/stm32f4xx_hal.o
 .text.HAL_EnableCompensationCell
                0x0000000000000000        0xc build/stm32f4xx_hal.o
 .text.HAL_DisableCompensationCell
                0x0000000000000000        0xc build/stm32f4xx_hal.o
 .text.HAL_GetUIDw0
                0x0000000000000000        0xc build/stm32f4xx_hal.o
 .text.HAL_GetUIDw1
                0x0000000000000000        0xc build/stm32f4xx_hal.o
 .text.HAL_GetUIDw2
                0x0000000000000000        0xc build/stm32f4xx_hal.o
 .text          0x0000000000000000        0x0 build/stm32f4xx_hal_exti.o
 .data          0x0000000000000000        0x0 build/stm32f4xx_hal_exti.o
 .bss           0x0000000000000000        0x0 build/stm32f4xx_hal_exti.o
 .text.HAL_EXTI_SetConfigLine
                0x0000000000000000       0xd8 build/stm32f4xx_hal_exti.o
 .text.HAL_EXTI_GetConfigLine
                0x0000000000000000       0xac build/stm32f4xx_hal_exti.o
 .text.HAL_EXTI_ClearConfigLine
                0x0000000000000000       0x7c build/stm32f4xx_hal_exti.o
 .text.HAL_EXTI_RegisterCallback
                0x0000000000000000        0xc build/stm32f4xx_hal_exti.o
 .text.HAL_EXTI_GetHandle
                0x0000000000000000        0xc build/stm32f4xx_hal_exti.o
 .text.HAL_EXTI_IRQHandler
                0x0000000000000000       0x24 build/stm32f4xx_hal_exti.o
 .text.HAL_EXTI_GetPending
                0x0000000000000000       0x1c build/stm32f4xx_hal_exti.o
 .text.HAL_EXTI_ClearPending
                0x0000000000000000       0x14 build/stm32f4xx_hal_exti.o
 .text.HAL_EXTI_GenerateSWI
                0x0000000000000000       0x14 build/stm32f4xx_hal_exti.o
 .debug_info    0x0000000000000000      0x645 build/stm32f4xx_hal_exti.o
 .debug_abbrev  0x0000000000000000      0x213 build/stm32f4xx_hal_exti.o
 .debug_loc     0x0000000000000000      0x53a build/stm32f4xx_hal_exti.o
 .debug_aranges
                0x0000000000000000       0x60 build/stm32f4xx_hal_exti.o
 .debug_ranges  0x0000000000000000       0x50 build/stm32f4xx_hal_exti.o
 .debug_line    0x0000000000000000      0x2da build/stm32f4xx_hal_exti.o
 .debug_str     0x0000000000000000      0x4bb build/stm32f4xx_hal_exti.o
 .comment       0x0000000000000000       0x80 build/stm32f4xx_hal_exti.o
 .debug_frame   0x0000000000000000       0xfc build/stm32f4xx_hal_exti.o
 .ARM.attributes
                0x0000000000000000       0x39 build/stm32f4xx_hal_exti.o
 .text          0x0000000000000000       0x14 build/startup_stm32f401xc.o
 .data          0x0000000000000000        0x0 build/startup_stm32f401xc.o
 .bss           0x0000000000000000        0x0 build/startup_stm32f401xc.o
 .text          0x0000000000000000        0x0 /usr/bin/../lib/gcc/arm-none-eabi/7.3.1/../../../../arm-none-eabi/lib/thumb/v7e-m/fpv4-sp/hard/libc_nano.a(lib_a-exit.o)
 .data          0x0000000000000000        0x0 /usr/bin/../lib/gcc/arm-none-eabi/7.3.1/../../../../arm-none-eabi/lib/thumb/v7e-m/fpv4-sp/hard/libc_nano.a(lib_a-exit.o)
 .bss           0x0000000000000000        0x0 /usr/bin/../lib/gcc/arm-none-eabi/7.3.1/../../../../arm-none-eabi/lib/thumb/v7e-m/fpv4-sp/hard/libc_nano.a(lib_a-exit.o)
 .text.exit     0x0000000000000000       0x28 /usr/bin/../lib/gcc/arm-none-eabi/7.3.1/../../../../arm-none-eabi/lib/thumb/v7e-m/fpv4-sp/hard/libc_nano.a(lib_a-exit.o)
 .debug_frame   0x0000000000000000       0x28 /usr/bin/../lib/gcc/arm-none-eabi/7.3.1/../../../../arm-none-eabi/lib/thumb/v7e-m/fpv4-sp/hard/libc_nano.a(lib_a-exit.o)
 .ARM.attributes
                0x0000000000000000       0x34 /usr/bin/../lib/gcc/arm-none-eabi/7.3.1/../../../../arm-none-eabi/lib/thumb/v7e-m/fpv4-sp/hard/libc_nano.a(lib_a-exit.o)
 .text          0x0000000000000000        0x0 /usr/bin/../lib/gcc/arm-none-eabi/7.3.1/../../../../arm-none-eabi/lib/thumb/v7e-m/fpv4-sp/hard/libc_nano.a(lib_a-impure.o)
 .data          0x0000000000000000        0x0 /usr/bin/../lib/gcc/arm-none-eabi/7.3.1/../../../../arm-none-eabi/lib/thumb/v7e-m/fpv4-sp/hard/libc_nano.a(lib_a-impure.o)
 .bss           0x0000000000000000        0x0 /usr/bin/../lib/gcc/arm-none-eabi/7.3.1/../../../../arm-none-eabi/lib/thumb/v7e-m/fpv4-sp/hard/libc_nano.a(lib_a-impure.o)
 .data._impure_ptr
                0x0000000000000000        0x4 /usr/bin/../lib/gcc/arm-none-eabi/7.3.1/../../../../arm-none-eabi/lib/thumb/v7e-m/fpv4-sp/hard/libc_nano.a(lib_a-impure.o)
 .data.impure_data
                0x0000000000000000       0x60 /usr/bin/../lib/gcc/arm-none-eabi/7.3.1/../../../../arm-none-eabi/lib/thumb/v7e-m/fpv4-sp/hard/libc_nano.a(lib_a-impure.o)
 .rodata._global_impure_ptr
                0x0000000000000000        0x4 /usr/bin/../lib/gcc/arm-none-eabi/7.3.1/../../../../arm-none-eabi/lib/thumb/v7e-m/fpv4-sp/hard/libc_nano.a(lib_a-impure.o)
 .ARM.attributes
                0x0000000000000000       0x34 /usr/bin/../lib/gcc/arm-none-eabi/7.3.1/../../../../arm-none-eabi/lib/thumb/v7e-m/fpv4-sp/hard/libc_nano.a(lib_a-impure.o)
 .text          0x0000000000000000        0x0 /usr/bin/../lib/gcc/arm-none-eabi/7.3.1/../../../../arm-none-eabi/lib/thumb/v7e-m/fpv4-sp/hard/libc_nano.a(lib_a-init.o)
 .data          0x0000000000000000        0x0 /usr/bin/../lib/gcc/arm-none-eabi/7.3.1/../../../../arm-none-eabi/lib/thumb/v7e-m/fpv4-sp/hard/libc_nano.a(lib_a-init.o)
 .bss           0x0000000000000000        0x0 /usr/bin/../lib/gcc/arm-none-eabi/7.3.1/../../../../arm-none-eabi/lib/thumb/v7e-m/fpv4-sp/hard/libc_nano.a(lib_a-init.o)
 .text          0x0000000000000000        0x0 /usr/bin/../lib/gcc/arm-none-eabi/7.3.1/../../../../arm-none-eabi/lib/thumb/v7e-m/fpv4-sp/hard/libc_nano.a(lib_a-memset.o)
 .data          0x0000000000000000        0x0 /usr/bin/../lib/gcc/arm-none-eabi/7.3.1/../../../../arm-none-eabi/lib/thumb/v7e-m/fpv4-sp/hard/libc_nano.a(lib_a-memset.o)
 .bss           0x0000000000000000        0x0 /usr/bin/../lib/gcc/arm-none-eabi/7.3.1/../../../../arm-none-eabi/lib/thumb/v7e-m/fpv4-sp/hard/libc_nano.a(lib_a-memset.o)
 .text.memset   0x0000000000000000       0x10 /usr/bin/../lib/gcc/arm-none-eabi/7.3.1/../../../../arm-none-eabi/lib/thumb/v7e-m/fpv4-sp/hard/libc_nano.a(lib_a-memset.o)
 .debug_frame   0x0000000000000000       0x20 /usr/bin/../lib/gcc/arm-none-eabi/7.3.1/../../../../arm-none-eabi/lib/thumb/v7e-m/fpv4-sp/hard/libc_nano.a(lib_a-memset.o)
 .ARM.attributes
                0x0000000000000000       0x34 /usr/bin/../lib/gcc/arm-none-eabi/7.3.1/../../../../arm-none-eabi/lib/thumb/v7e-m/fpv4-sp/hard/libc_nano.a(lib_a-memset.o)
 .text          0x0000000000000000        0x0 /usr/bin/../lib/gcc/arm-none-eabi/7.3.1/../../../../arm-none-eabi/lib/thumb/v7e-m/fpv4-sp/hard/libnosys.a(_exit.o)
 .data          0x0000000000000000        0x0 /usr/bin/../lib/gcc/arm-none-eabi/7.3.1/../../../../arm-none-eabi/lib/thumb/v7e-m/fpv4-sp/hard/libnosys.a(_exit.o)
 .bss           0x0000000000000000        0x0 /usr/bin/../lib/gcc/arm-none-eabi/7.3.1/../../../../arm-none-eabi/lib/thumb/v7e-m/fpv4-sp/hard/libnosys.a(_exit.o)
 .text._exit    0x0000000000000000        0x4 /usr/bin/../lib/gcc/arm-none-eabi/7.3.1/../../../../arm-none-eabi/lib/thumb/v7e-m/fpv4-sp/hard/libnosys.a(_exit.o)
 .debug_frame   0x0000000000000000       0x20 /usr/bin/../lib/gcc/arm-none-eabi/7.3.1/../../../../arm-none-eabi/lib/thumb/v7e-m/fpv4-sp/hard/libnosys.a(_exit.o)
 .ARM.attributes
                0x0000000000000000       0x34 /usr/bin/../lib/gcc/arm-none-eabi/7.3.1/../../../../arm-none-eabi/lib/thumb/v7e-m/fpv4-sp/hard/libnosys.a(_exit.o)
 .text          0x0000000000000000       0x30 /usr/bin/../lib/gcc/arm-none-eabi/7.3.1/thumb/v7e-m/fpv4-sp/hard/libgcc.a(_aeabi_uldivmod.o)
 .data          0x0000000000000000        0x0 /usr/bin/../lib/gcc/arm-none-eabi/7.3.1/thumb/v7e-m/fpv4-sp/hard/libgcc.a(_aeabi_uldivmod.o)
 .bss           0x0000000000000000        0x0 /usr/bin/../lib/gcc/arm-none-eabi/7.3.1/thumb/v7e-m/fpv4-sp/hard/libgcc.a(_aeabi_uldivmod.o)
 .debug_frame   0x0000000000000000       0x2c /usr/bin/../lib/gcc/arm-none-eabi/7.3.1/thumb/v7e-m/fpv4-sp/hard/libgcc.a(_aeabi_uldivmod.o)
 .ARM.attributes
                0x0000000000000000       0x22 /usr/bin/../lib/gcc/arm-none-eabi/7.3.1/thumb/v7e-m/fpv4-sp/hard/libgcc.a(_aeabi_uldivmod.o)
 .text          0x0000000000000000      0x2cc /usr/bin/../lib/gcc/arm-none-eabi/7.3.1/thumb/v7e-m/fpv4-sp/hard/libgcc.a(_udivmoddi4.o)
 .data          0x0000000000000000        0x0 /usr/bin/../lib/gcc/arm-none-eabi/7.3.1/thumb/v7e-m/fpv4-sp/hard/libgcc.a(_udivmoddi4.o)
 .bss           0x0000000000000000        0x0 /usr/bin/../lib/gcc/arm-none-eabi/7.3.1/thumb/v7e-m/fpv4-sp/hard/libgcc.a(_udivmoddi4.o)
 .ARM.extab     0x0000000000000000        0x0 /usr/bin/../lib/gcc/arm-none-eabi/7.3.1/thumb/v7e-m/fpv4-sp/hard/libgcc.a(_udivmoddi4.o)
 .ARM.exidx     0x0000000000000000        0x8 /usr/bin/../lib/gcc/arm-none-eabi/7.3.1/thumb/v7e-m/fpv4-sp/hard/libgcc.a(_udivmoddi4.o)
 .debug_frame   0x0000000000000000       0x34 /usr/bin/../lib/gcc/arm-none-eabi/7.3.1/thumb/v7e-m/fpv4-sp/hard/libgcc.a(_udivmoddi4.o)
 .ARM.attributes
                0x0000000000000000       0x34 /usr/bin/../lib/gcc/arm-none-eabi/7.3.1/thumb/v7e-m/fpv4-sp/hard/libgcc.a(_udivmoddi4.o)
 .text          0x0000000000000000        0x4 /usr/bin/../lib/gcc/arm-none-eabi/7.3.1/thumb/v7e-m/fpv4-sp/hard/libgcc.a(_dvmd_tls.o)
 .data          0x0000000000000000        0x0 /usr/bin/../lib/gcc/arm-none-eabi/7.3.1/thumb/v7e-m/fpv4-sp/hard/libgcc.a(_dvmd_tls.o)
 .bss           0x0000000000000000        0x0 /usr/bin/../lib/gcc/arm-none-eabi/7.3.1/thumb/v7e-m/fpv4-sp/hard/libgcc.a(_dvmd_tls.o)
 .ARM.attributes
                0x0000000000000000       0x22 /usr/bin/../lib/gcc/arm-none-eabi/7.3.1/thumb/v7e-m/fpv4-sp/hard/libgcc.a(_dvmd_tls.o)
 .text          0x0000000000000000        0x0 /usr/bin/../lib/gcc/arm-none-eabi/7.3.1/thumb/v7e-m/fpv4-sp/hard/crtend.o
 .data          0x0000000000000000        0x0 /usr/bin/../lib/gcc/arm-none-eabi/7.3.1/thumb/v7e-m/fpv4-sp/hard/crtend.o
 .bss           0x0000000000000000        0x0 /usr/bin/../lib/gcc/arm-none-eabi/7.3.1/thumb/v7e-m/fpv4-sp/hard/crtend.o
 .eh_frame      0x0000000000000000        0x4 /usr/bin/../lib/gcc/arm-none-eabi/7.3.1/thumb/v7e-m/fpv4-sp/hard/crtend.o
 .ARM.attributes
                0x0000000000000000       0x34 /usr/bin/../lib/gcc/arm-none-eabi/7.3.1/thumb/v7e-m/fpv4-sp/hard/crtend.o
 .text          0x0000000000000000        0x0 /usr/bin/../lib/gcc/arm-none-eabi/7.3.1/thumb/v7e-m/fpv4-sp/hard/crtn.o
 .data          0x0000000000000000        0x0 /usr/bin/../lib/gcc/arm-none-eabi/7.3.1/thumb/v7e-m/fpv4-sp/hard/crtn.o
 .bss           0x0000000000000000        0x0 /usr/bin/../lib/gcc/arm-none-eabi/7.3.1/thumb/v7e-m/fpv4-sp/hard/crtn.o

Memory Configuration

Name             Origin             Length             Attributes
RAM              0x0000000020000000 0x0000000000010000 xrw
FLASH            0x0000000008000000 0x0000000000040000 xr
*default*        0x0000000000000000 0xffffffffffffffff

Linker script and memory map

LOAD /usr/bin/../lib/gcc/arm-none-eabi/7.3.1/thumb/v7e-m/fpv4-sp/hard/crti.o
LOAD /usr/bin/../lib/gcc/arm-none-eabi/7.3.1/thumb/v7e-m/fpv4-sp/hard/crtbegin.o
LOAD /usr/bin/../lib/gcc/arm-none-eabi/7.3.1/../../../../arm-none-eabi/lib/thumb/v7e-m/fpv4-sp/hard/crt0.o
LOAD build/main.o
LOAD build/led.o
LOAD build/system_stm32f4xx.o
LOAD build/stm32f4xx_hal_tim.o
LOAD build/stm32f4xx_hal_tim_ex.o
LOAD build/stm32f4xx_hal_rcc.o
LOAD build/stm32f4xx_hal_rcc_ex.o
LOAD build/stm32f4xx_hal_flash.o
LOAD build/stm32f4xx_hal_flash_ex.o
LOAD build/stm32f4xx_hal_flash_ramfunc.o
LOAD build/stm32f4xx_hal_gpio.o
LOAD build/stm32f4xx_hal_dma_ex.o
LOAD build/stm32f4xx_hal_dma.o
LOAD build/stm32f4xx_hal_pwr.o
LOAD build/stm32f4xx_hal_pwr_ex.o
LOAD build/stm32f4xx_hal_cortex.o
LOAD build/stm32f4xx_hal.o
LOAD build/stm32f4xx_hal_exti.o
LOAD build/startup_stm32f401xc.o
LOAD /usr/bin/../lib/gcc/arm-none-eabi/7.3.1/../../../../arm-none-eabi/lib/thumb/v7e-m/fpv4-sp/hard/libc_nano.a
LOAD /usr/bin/../lib/gcc/arm-none-eabi/7.3.1/../../../../arm-none-eabi/lib/thumb/v7e-m/fpv4-sp/hard/libm.a
LOAD /usr/bin/../lib/gcc/arm-none-eabi/7.3.1/../../../../arm-none-eabi/lib/thumb/v7e-m/fpv4-sp/hard/libnosys.a
START GROUP
LOAD /usr/bin/../lib/gcc/arm-none-eabi/7.3.1/thumb/v7e-m/fpv4-sp/hard/libgcc.a
LOAD /usr/bin/../lib/gcc/arm-none-eabi/7.3.1/../../../../arm-none-eabi/lib/thumb/v7e-m/fpv4-sp/hard/libc_nano.a
END GROUP
START GROUP
LOAD /usr/bin/../lib/gcc/arm-none-eabi/7.3.1/thumb/v7e-m/fpv4-sp/hard/libgcc.a
LOAD /usr/bin/../lib/gcc/arm-none-eabi/7.3.1/../../../../arm-none-eabi/lib/thumb/v7e-m/fpv4-sp/hard/libc_nano.a
END GROUP
LOAD /usr/bin/../lib/gcc/arm-none-eabi/7.3.1/thumb/v7e-m/fpv4-sp/hard/crtend.o
LOAD /usr/bin/../lib/gcc/arm-none-eabi/7.3.1/thumb/v7e-m/fpv4-sp/hard/crtn.o
                0x0000000020010000                _estack = 0x20010000
                0x0000000000000200                _Min_Heap_Size = 0x200
                0x0000000000000400                _Min_Stack_Size = 0x400

.isr_vector     0x0000000008000000      0x194
                0x0000000008000000                . = ALIGN (0x4)
 *(.isr_vector)
 .isr_vector    0x0000000008000000      0x194 build/startup_stm32f401xc.o
                0x0000000008000000                g_pfnVectors
                0x0000000008000194                . = ALIGN (0x4)

.text           0x0000000008000194      0x4e4
                0x0000000008000194                . = ALIGN (0x4)
 *(.text)
 .text          0x0000000008000194       0x40 /usr/bin/../lib/gcc/arm-none-eabi/7.3.1/thumb/v7e-m/fpv4-sp/hard/crtbegin.o
 *(.text*)
 .text.main     0x00000000080001d4       0x24 build/main.o
                0x00000000080001d4                main
 .text.SysTick_Handler
                0x00000000080001f8        0x8 build/main.o
                0x00000000080001f8                SysTick_Handler
 .text.led_init
                0x0000000008000200       0x58 build/led.o
                0x0000000008000200                led_init
 .text.SystemInit
                0x0000000008000258       0x14 build/system_stm32f4xx.o
                0x0000000008000258                SystemInit
 .text.HAL_GPIO_Init
                0x000000000800026c      0x1b0 build/stm32f4xx_hal_gpio.o
                0x000000000800026c                HAL_GPIO_Init
 .text.HAL_GPIO_WritePin
                0x000000000800041c        0xc build/stm32f4xx_hal_gpio.o
                0x000000000800041c                HAL_GPIO_WritePin
 .text.HAL_GPIO_TogglePin
                0x0000000008000428       0x12 build/stm32f4xx_hal_gpio.o
                0x0000000008000428                HAL_GPIO_TogglePin
 *fill*         0x000000000800043a        0x2 
 .text.HAL_NVIC_SetPriorityGrouping
                0x000000000800043c       0x24 build/stm32f4xx_hal_cortex.o
                0x000000000800043c                HAL_NVIC_SetPriorityGrouping
 .text.HAL_NVIC_SetPriority
                0x0000000008000460       0x68 build/stm32f4xx_hal_cortex.o
                0x0000000008000460                HAL_NVIC_SetPriority
 .text.HAL_SYSTICK_Config
                0x00000000080004c8       0x2c build/stm32f4xx_hal_cortex.o
                0x00000000080004c8                HAL_SYSTICK_Config
 .text.HAL_MspInit
                0x00000000080004f4        0x2 build/stm32f4xx_hal.o
                0x00000000080004f4                HAL_MspInit
 *fill*         0x00000000080004f6        0x2 
 .text.HAL_InitTick
                0x00000000080004f8       0x4c build/stm32f4xx_hal.o
                0x00000000080004f8                HAL_InitTick
 .text.HAL_Init
                0x0000000008000544       0x34 build/stm32f4xx_hal.o
                0x0000000008000544                HAL_Init
 .text.HAL_IncTick
                0x0000000008000578       0x18 build/stm32f4xx_hal.o
                0x0000000008000578                HAL_IncTick
 .text.HAL_GetTick
                0x0000000008000590        0xc build/stm32f4xx_hal.o
                0x0000000008000590                HAL_GetTick
 .text.HAL_Delay
                0x000000000800059c       0x28 build/stm32f4xx_hal.o
                0x000000000800059c                HAL_Delay
 .text.Reset_Handler
                0x00000000080005c4       0x50 build/startup_stm32f401xc.o
                0x00000000080005c4                Reset_Handler
 .text.Default_Handler
                0x0000000008000614        0x2 build/startup_stm32f401xc.o
                0x0000000008000614                RTC_Alarm_IRQHandler
                0x0000000008000614                EXTI2_IRQHandler
                0x0000000008000614                DebugMon_Handler
                0x0000000008000614                SPI4_IRQHandler
                0x0000000008000614                TIM1_CC_IRQHandler
                0x0000000008000614                DMA2_Stream5_IRQHandler
                0x0000000008000614                HardFault_Handler
                0x0000000008000614                DMA1_Stream5_IRQHandler
                0x0000000008000614                PVD_IRQHandler
                0x0000000008000614                SDIO_IRQHandler
                0x0000000008000614                TAMP_STAMP_IRQHandler
                0x0000000008000614                PendSV_Handler
                0x0000000008000614                NMI_Handler
                0x0000000008000614                EXTI3_IRQHandler
                0x0000000008000614                TIM1_UP_TIM10_IRQHandler
                0x0000000008000614                I2C3_ER_IRQHandler
                0x0000000008000614                EXTI0_IRQHandler
                0x0000000008000614                I2C2_EV_IRQHandler
                0x0000000008000614                DMA1_Stream2_IRQHandler
                0x0000000008000614                FPU_IRQHandler
                0x0000000008000614                UsageFault_Handler
                0x0000000008000614                DMA2_Stream2_IRQHandler
                0x0000000008000614                SPI1_IRQHandler
                0x0000000008000614                TIM1_BRK_TIM9_IRQHandler
                0x0000000008000614                DMA2_Stream3_IRQHandler
                0x0000000008000614                USART6_IRQHandler
                0x0000000008000614                DMA2_Stream0_IRQHandler
                0x0000000008000614                TIM4_IRQHandler
                0x0000000008000614                I2C1_EV_IRQHandler
                0x0000000008000614                DMA1_Stream6_IRQHandler
                0x0000000008000614                DMA1_Stream1_IRQHandler
                0x0000000008000614                TIM3_IRQHandler
                0x0000000008000614                RCC_IRQHandler
                0x0000000008000614                Default_Handler
                0x0000000008000614                EXTI15_10_IRQHandler
                0x0000000008000614                ADC_IRQHandler
                0x0000000008000614                DMA1_Stream7_IRQHandler
                0x0000000008000614                TIM5_IRQHandler
                0x0000000008000614                DMA2_Stream7_IRQHandler
                0x0000000008000614                I2C3_EV_IRQHandler
                0x0000000008000614                EXTI9_5_IRQHandler
                0x0000000008000614                RTC_WKUP_IRQHandler
                0x0000000008000614                SPI2_IRQHandler
                0x0000000008000614                MemManage_Handler
                0x0000000008000614                DMA1_Stream0_IRQHandler
                0x0000000008000614                SVC_Handler
                0x0000000008000614                EXTI4_IRQHandler
                0x0000000008000614                WWDG_IRQHandler
                0x0000000008000614                TIM2_IRQHandler
                0x0000000008000614                OTG_FS_WKUP_IRQHandler
                0x0000000008000614                TIM1_TRG_COM_TIM11_IRQHandler
                0x0000000008000614                EXTI1_IRQHandler
                0x0000000008000614                USART2_IRQHandler
                0x0000000008000614                I2C2_ER_IRQHandler
                0x0000000008000614                DMA2_Stream1_IRQHandler
                0x0000000008000614                FLASH_IRQHandler
                0x0000000008000614                DMA2_Stream4_IRQHandler
                0x0000000008000614                BusFault_Handler
                0x0000000008000614                USART1_IRQHandler
                0x0000000008000614                OTG_FS_IRQHandler
                0x0000000008000614                SPI3_IRQHandler
                0x0000000008000614                DMA1_Stream4_IRQHandler
                0x0000000008000614                I2C1_ER_IRQHandler
                0x0000000008000614                DMA2_Stream6_IRQHandler
                0x0000000008000614                DMA1_Stream3_IRQHandler
 *fill*         0x0000000008000616        0x2 
 .text.__libc_init_array
                0x0000000008000618       0x48 /usr/bin/../lib/gcc/arm-none-eabi/7.3.1/../../../../arm-none-eabi/lib/thumb/v7e-m/fpv4-sp/hard/libc_nano.a(lib_a-init.o)
                0x0000000008000618                __libc_init_array
 *(.glue_7)
 .glue_7        0x0000000008000660        0x0 linker stubs
 *(.glue_7t)
 .glue_7t       0x0000000008000660        0x0 linker stubs
 *(.eh_frame)
 .eh_frame      0x0000000008000660        0x0 /usr/bin/../lib/gcc/arm-none-eabi/7.3.1/thumb/v7e-m/fpv4-sp/hard/crtbegin.o
 *(.init)
 .init          0x0000000008000660        0x4 /usr/bin/../lib/gcc/arm-none-eabi/7.3.1/thumb/v7e-m/fpv4-sp/hard/crti.o
                0x0000000008000660                _init
 .init          0x0000000008000664        0x8 /usr/bin/../lib/gcc/arm-none-eabi/7.3.1/thumb/v7e-m/fpv4-sp/hard/crtn.o
 *(.fini)
 .fini          0x000000000800066c        0x4 /usr/bin/../lib/gcc/arm-none-eabi/7.3.1/thumb/v7e-m/fpv4-sp/hard/crti.o
                0x000000000800066c                _fini
 .fini          0x0000000008000670        0x8 /usr/bin/../lib/gcc/arm-none-eabi/7.3.1/thumb/v7e-m/fpv4-sp/hard/crtn.o
                0x0000000008000678                . = ALIGN (0x4)
                0x0000000008000678                _etext = .

.vfp11_veneer   0x0000000008000678        0x0
 .vfp11_veneer  0x0000000008000678        0x0 linker stubs

.v4_bx          0x0000000008000678        0x0
 .v4_bx         0x0000000008000678        0x0 linker stubs

.iplt           0x0000000008000678        0x0
 .iplt          0x0000000008000678        0x0 /usr/bin/../lib/gcc/arm-none-eabi/7.3.1/thumb/v7e-m/fpv4-sp/hard/crtbegin.o

.rel.dyn        0x0000000008000678        0x0
 .rel.iplt      0x0000000008000678        0x0 /usr/bin/../lib/gcc/arm-none-eabi/7.3.1/thumb/v7e-m/fpv4-sp/hard/crtbegin.o

.rodata         0x0000000008000678        0x0
                0x0000000008000678                . = ALIGN (0x4)
 *(.rodata)
 *(.rodata*)
                0x0000000008000678                . = ALIGN (0x4)

.ARM.extab
 *(.ARM.extab* .gnu.linkonce.armextab.*)

.ARM            0x0000000008000678        0x0
                0x0000000008000678                __exidx_start = .
 *(.ARM.exidx*)
                0x0000000008000678                __exidx_end = .

.preinit_array  0x0000000008000678        0x0
                0x0000000008000678                PROVIDE (__preinit_array_start = .)
 *(.preinit_array*)
                0x0000000008000678                PROVIDE (__preinit_array_end = .)

.init_array     0x0000000008000678        0x4
                0x0000000008000678                PROVIDE (__init_array_start = .)
 *(SORT_BY_NAME(.init_array.*))
 *(.init_array*)
 .init_array    0x0000000008000678        0x4 /usr/bin/../lib/gcc/arm-none-eabi/7.3.1/thumb/v7e-m/fpv4-sp/hard/crtbegin.o
                0x000000000800067c                PROVIDE (__init_array_end = .)

.fini_array     0x000000000800067c        0x4
                [!provide]                        PROVIDE (__fini_array_start = .)
 *(SORT_BY_NAME(.fini_array.*))
 *(.fini_array*)
 .fini_array    0x000000000800067c        0x4 /usr/bin/../lib/gcc/arm-none-eabi/7.3.1/thumb/v7e-m/fpv4-sp/hard/crtbegin.o
                [!provide]                        PROVIDE (__fini_array_end = .)
                0x0000000008000680                _sidata = LOADADDR (.data)

.data           0x0000000020000000        0xc load address 0x0000000008000680
                0x0000000020000000                . = ALIGN (0x4)
                0x0000000020000000                _sdata = .
 *(.data)
 *(.data*)
 .data.SystemCoreClock
                0x0000000020000000        0x4 build/system_stm32f4xx.o
                0x0000000020000000                SystemCoreClock
 .data.uwTickFreq
                0x0000000020000004        0x1 build/stm32f4xx_hal.o
                0x0000000020000004                uwTickFreq
 *fill*         0x0000000020000005        0x3 
 .data.uwTickPrio
                0x0000000020000008        0x4 build/stm32f4xx_hal.o
                0x0000000020000008                uwTickPrio
                0x000000002000000c                . = ALIGN (0x4)
                0x000000002000000c                _edata = .

.igot.plt       0x000000002000000c        0x0 load address 0x000000000800068c
 .igot.plt      0x000000002000000c        0x0 /usr/bin/../lib/gcc/arm-none-eabi/7.3.1/thumb/v7e-m/fpv4-sp/hard/crtbegin.o
                0x000000002000000c                . = ALIGN (0x4)

.bss            0x000000002000000c       0x20 load address 0x000000000800068c
                0x000000002000000c                _sbss = .
                0x000000002000000c                __bss_start__ = _sbss
 *(.bss)
 .bss           0x000000002000000c       0x1c /usr/bin/../lib/gcc/arm-none-eabi/7.3.1/thumb/v7e-m/fpv4-sp/hard/crtbegin.o
 *(.bss*)
 *(COMMON)
 COMMON         0x0000000020000028        0x4 build/stm32f4xx_hal.o
                0x0000000020000028                uwTick
                0x000000002000002c                . = ALIGN (0x4)
                0x000000002000002c                _ebss = .
                0x000000002000002c                __bss_end__ = _ebss

._user_heap_stack
                0x000000002000002c      0x604 load address 0x000000000800068c
                0x0000000020000030                . = ALIGN (0x8)
 *fill*         0x000000002000002c        0x4 
                [!provide]                        PROVIDE (end = .)
                [!provide]                        PROVIDE (_end = .)
                0x0000000020000230                . = (. + _Min_Heap_Size)
 *fill*         0x0000000020000030      0x200 
                0x0000000020000630                . = (. + _Min_Stack_Size)
 *fill*         0x0000000020000230      0x400 
                0x0000000020000630                . = ALIGN (0x8)

/DISCARD/
 libc.a(*)
 libm.a(*)
 libgcc.a(*)

.ARM.attributes
                0x0000000000000000       0x30
 *(.ARM.attributes)
 .ARM.attributes
                0x0000000000000000       0x22 /usr/bin/../lib/gcc/arm-none-eabi/7.3.1/thumb/v7e-m/fpv4-sp/hard/crti.o
 .ARM.attributes
                0x0000000000000022       0x34 /usr/bin/../lib/gcc/arm-none-eabi/7.3.1/thumb/v7e-m/fpv4-sp/hard/crtbegin.o
 .ARM.attributes
                0x0000000000000056       0x39 build/main.o
 .ARM.attributes
                0x000000000000008f       0x39 build/led.o
 .ARM.attributes
                0x00000000000000c8       0x39 build/system_stm32f4xx.o
 .ARM.attributes
                0x0000000000000101       0x39 build/stm32f4xx_hal_gpio.o
 .ARM.attributes
                0x000000000000013a       0x39 build/stm32f4xx_hal_cortex.o
 .ARM.attributes
                0x0000000000000173       0x39 build/stm32f4xx_hal.o
 .ARM.attributes
                0x00000000000001ac       0x21 build/startup_stm32f401xc.o
 .ARM.attributes
                0x00000000000001cd       0x34 /usr/bin/../lib/gcc/arm-none-eabi/7.3.1/../../../../arm-none-eabi/lib/thumb/v7e-m/fpv4-sp/hard/libc_nano.a(lib_a-init.o)
 .ARM.attributes
                0x0000000000000201       0x22 /usr/bin/../lib/gcc/arm-none-eabi/7.3.1/thumb/v7e-m/fpv4-sp/hard/crtn.o
OUTPUT(build/401test.elf elf32-littlearm)

.debug_info     0x0000000000000000     0x3176
 .debug_info    0x0000000000000000      0x30b build/main.o
 .debug_info    0x000000000000030b      0x56a build/led.o
 .debug_info    0x0000000000000875      0x608 build/system_stm32f4xx.o
 .debug_info    0x0000000000000e7d      0x89a build/stm32f4xx_hal_gpio.o
 .debug_info    0x0000000000001717      0xfdc build/stm32f4xx_hal_cortex.o
 .debug_info    0x00000000000026f3      0xa61 build/stm32f4xx_hal.o
 .debug_info    0x0000000000003154       0x22 build/startup_stm32f401xc.o

.debug_abbrev   0x0000000000000000      0xb51
 .debug_abbrev  0x0000000000000000      0x142 build/main.o
 .debug_abbrev  0x0000000000000142      0x162 build/led.o
 .debug_abbrev  0x00000000000002a4      0x12a build/system_stm32f4xx.o
 .debug_abbrev  0x00000000000003ce      0x21c build/stm32f4xx_hal_gpio.o
 .debug_abbrev  0x00000000000005ea      0x33d build/stm32f4xx_hal_cortex.o
 .debug_abbrev  0x0000000000000927      0x218 build/stm32f4xx_hal.o
 .debug_abbrev  0x0000000000000b3f       0x12 build/startup_stm32f401xc.o

.debug_loc      0x0000000000000000      0xf0c
 .debug_loc     0x0000000000000000       0x40 build/main.o
 .debug_loc     0x0000000000000040       0x38 build/led.o
 .debug_loc     0x0000000000000078      0x13e build/system_stm32f4xx.o
 .debug_loc     0x00000000000001b6      0x53d build/stm32f4xx_hal_gpio.o
 .debug_loc     0x00000000000006f3      0x65e build/stm32f4xx_hal_cortex.o
 .debug_loc     0x0000000000000d51      0x1bb build/stm32f4xx_hal.o

.debug_aranges  0x0000000000000000      0x288
 .debug_aranges
                0x0000000000000000       0x28 build/main.o
 .debug_aranges
                0x0000000000000028       0x20 build/led.o
 .debug_aranges
                0x0000000000000048       0x28 build/system_stm32f4xx.o
 .debug_aranges
                0x0000000000000070       0x58 build/stm32f4xx_hal_gpio.o
 .debug_aranges
                0x00000000000000c8       0xa8 build/stm32f4xx_hal_cortex.o
 .debug_aranges
                0x0000000000000170       0xf0 build/stm32f4xx_hal.o
 .debug_aranges
                0x0000000000000260       0x28 build/startup_stm32f401xc.o

.debug_ranges   0x0000000000000000      0x280
 .debug_ranges  0x0000000000000000       0x18 build/main.o
 .debug_ranges  0x0000000000000018       0x10 build/led.o
 .debug_ranges  0x0000000000000028       0x18 build/system_stm32f4xx.o
 .debug_ranges  0x0000000000000040       0x48 build/stm32f4xx_hal_gpio.o
 .debug_ranges  0x0000000000000088       0xf8 build/stm32f4xx_hal_cortex.o
 .debug_ranges  0x0000000000000180       0xe0 build/stm32f4xx_hal.o
 .debug_ranges  0x0000000000000260       0x20 build/startup_stm32f401xc.o

.debug_line     0x0000000000000000      0xf89
 .debug_line    0x0000000000000000      0x190 build/main.o
 .debug_line    0x0000000000000190      0x169 build/led.o
 .debug_line    0x00000000000002f9      0x186 build/system_stm32f4xx.o
 .debug_line    0x000000000000047f      0x302 build/stm32f4xx_hal_gpio.o
 .debug_line    0x0000000000000781      0x3ee build/stm32f4xx_hal_cortex.o
 .debug_line    0x0000000000000b6f      0x3a4 build/stm32f4xx_hal.o
 .debug_line    0x0000000000000f13       0x76 build/startup_stm32f401xc.o

.debug_str      0x0000000000000000     0x114e
 .debug_str     0x0000000000000000      0x2b9 build/main.o
                                        0x30f (size before relaxing)
 .debug_str     0x00000000000002b9      0x191 build/led.o
                                        0x453 (size before relaxing)
 .debug_str     0x000000000000044a       0xac build/system_stm32f4xx.o
                                        0x423 (size before relaxing)
 .debug_str     0x00000000000004f6      0x15a build/stm32f4xx_hal_gpio.o
                                        0x5ba (size before relaxing)
 .debug_str     0x0000000000000650      0x85a build/stm32f4xx_hal_cortex.o
                                        0xb80 (size before relaxing)
 .debug_str     0x0000000000000eaa      0x280 build/stm32f4xx_hal.o
                                        0xa53 (size before relaxing)
 .debug_str     0x000000000000112a       0x24 build/startup_stm32f401xc.o
                                         0x52 (size before relaxing)

.comment        0x0000000000000000       0x7f
 .comment       0x0000000000000000       0x7f build/main.o
                                         0x80 (size before relaxing)
 .comment       0x000000000000007f       0x80 build/led.o
 .comment       0x000000000000007f       0x80 build/system_stm32f4xx.o
 .comment       0x000000000000007f       0x80 build/stm32f4xx_hal_gpio.o
 .comment       0x000000000000007f       0x80 build/stm32f4xx_hal_cortex.o
 .comment       0x000000000000007f       0x80 build/stm32f4xx_hal.o

.debug_frame    0x0000000000000000      0x530
 .debug_frame   0x0000000000000000       0x48 build/main.o
 .debug_frame   0x0000000000000048       0x34 build/led.o
 .debug_frame   0x000000000000007c       0x30 build/system_stm32f4xx.o
 .debug_frame   0x00000000000000ac       0xec build/stm32f4xx_hal_gpio.o
 .debug_frame   0x0000000000000198      0x16c build/stm32f4xx_hal_cortex.o
 .debug_frame   0x0000000000000304      0x200 build/stm32f4xx_hal.o
 .debug_frame   0x0000000000000504       0x2c /usr/bin/../lib/gcc/arm-none-eabi/7.3.1/../../../../arm-none-eabi/lib/thumb/v7e-m/fpv4-sp/hard/libc_nano.a(lib_a-init.o)

Cross Reference Table

Symbol                                            File
ADC_IRQHandler                                    build/startup_stm32f401xc.o
AHBPrescTable                                     build/system_stm32f4xx.o
                                                  build/stm32f4xx_hal_rcc.o
APBPrescTable                                     build/system_stm32f4xx.o
                                                  build/stm32f4xx_hal_rcc.o
BusFault_Handler                                  build/startup_stm32f401xc.o
DMA1_Stream0_IRQHandler                           build/startup_stm32f401xc.o
DMA1_Stream1_IRQHandler                           build/startup_stm32f401xc.o
DMA1_Stream2_IRQHandler                           build/startup_stm32f401xc.o
DMA1_Stream3_IRQHandler                           build/startup_stm32f401xc.o
DMA1_Stream4_IRQHandler                           build/startup_stm32f401xc.o
DMA1_Stream5_IRQHandler                           build/startup_stm32f401xc.o
DMA1_Stream6_IRQHandler                           build/startup_stm32f401xc.o
DMA1_Stream7_IRQHandler                           build/startup_stm32f401xc.o
DMA2_Stream0_IRQHandler                           build/startup_stm32f401xc.o
DMA2_Stream1_IRQHandler                           build/startup_stm32f401xc.o
DMA2_Stream2_IRQHandler                           build/startup_stm32f401xc.o
DMA2_Stream3_IRQHandler                           build/startup_stm32f401xc.o
DMA2_Stream4_IRQHandler                           build/startup_stm32f401xc.o
DMA2_Stream5_IRQHandler                           build/startup_stm32f401xc.o
DMA2_Stream6_IRQHandler                           build/startup_stm32f401xc.o
DMA2_Stream7_IRQHandler                           build/startup_stm32f401xc.o
DebugMon_Handler                                  build/startup_stm32f401xc.o
Default_Handler                                   build/startup_stm32f401xc.o
EXTI0_IRQHandler                                  build/startup_stm32f401xc.o
EXTI15_10_IRQHandler                              build/startup_stm32f401xc.o
EXTI1_IRQHandler                                  build/startup_stm32f401xc.o
EXTI2_IRQHandler                                  build/startup_stm32f401xc.o
EXTI3_IRQHandler                                  build/startup_stm32f401xc.o
EXTI4_IRQHandler                                  build/startup_stm32f401xc.o
EXTI9_5_IRQHandler                                build/startup_stm32f401xc.o
FLASH_Erase_Sector                                build/stm32f4xx_hal_flash_ex.o
                                                  build/stm32f4xx_hal_flash.o
FLASH_FlushCaches                                 build/stm32f4xx_hal_flash_ex.o
                                                  build/stm32f4xx_hal_flash.o
FLASH_IRQHandler                                  build/startup_stm32f401xc.o
FLASH_WaitForLastOperation                        build/stm32f4xx_hal_flash.o
                                                  build/stm32f4xx_hal_flash_ex.o
FPU_IRQHandler                                    build/startup_stm32f401xc.o
HAL_DBGMCU_DisableDBGSleepMode                    build/stm32f4xx_hal.o
HAL_DBGMCU_DisableDBGStandbyMode                  build/stm32f4xx_hal.o
HAL_DBGMCU_DisableDBGStopMode                     build/stm32f4xx_hal.o
HAL_DBGMCU_EnableDBGSleepMode                     build/stm32f4xx_hal.o
HAL_DBGMCU_EnableDBGStandbyMode                   build/stm32f4xx_hal.o
HAL_DBGMCU_EnableDBGStopMode                      build/stm32f4xx_hal.o
HAL_DMAEx_ChangeMemory                            build/stm32f4xx_hal_dma_ex.o
HAL_DMAEx_MultiBufferStart                        build/stm32f4xx_hal_dma_ex.o
HAL_DMAEx_MultiBufferStart_IT                     build/stm32f4xx_hal_dma_ex.o
HAL_DMA_Abort                                     build/stm32f4xx_hal_dma.o
HAL_DMA_Abort_IT                                  build/stm32f4xx_hal_dma.o
HAL_DMA_DeInit                                    build/stm32f4xx_hal_dma.o
HAL_DMA_GetError                                  build/stm32f4xx_hal_dma.o
HAL_DMA_GetState                                  build/stm32f4xx_hal_dma.o
HAL_DMA_IRQHandler                                build/stm32f4xx_hal_dma.o
HAL_DMA_Init                                      build/stm32f4xx_hal_dma.o
HAL_DMA_PollForTransfer                           build/stm32f4xx_hal_dma.o
HAL_DMA_RegisterCallback                          build/stm32f4xx_hal_dma.o
HAL_DMA_Start                                     build/stm32f4xx_hal_dma.o
HAL_DMA_Start_IT                                  build/stm32f4xx_hal_dma.o
HAL_DMA_UnRegisterCallback                        build/stm32f4xx_hal_dma.o
HAL_DeInit                                        build/stm32f4xx_hal.o
HAL_Delay                                         build/stm32f4xx_hal.o
                                                  build/main.o
HAL_DisableCompensationCell                       build/stm32f4xx_hal.o
HAL_EXTI_ClearConfigLine                          build/stm32f4xx_hal_exti.o
HAL_EXTI_ClearPending                             build/stm32f4xx_hal_exti.o
HAL_EXTI_GenerateSWI                              build/stm32f4xx_hal_exti.o
HAL_EXTI_GetConfigLine                            build/stm32f4xx_hal_exti.o
HAL_EXTI_GetHandle                                build/stm32f4xx_hal_exti.o
HAL_EXTI_GetPending                               build/stm32f4xx_hal_exti.o
HAL_EXTI_IRQHandler                               build/stm32f4xx_hal_exti.o
HAL_EXTI_RegisterCallback                         build/stm32f4xx_hal_exti.o
HAL_EXTI_SetConfigLine                            build/stm32f4xx_hal_exti.o
HAL_EnableCompensationCell                        build/stm32f4xx_hal.o
HAL_FLASHEx_AdvOBGetConfig                        build/stm32f4xx_hal_flash_ex.o
HAL_FLASHEx_AdvOBProgram                          build/stm32f4xx_hal_flash_ex.o
HAL_FLASHEx_Erase                                 build/stm32f4xx_hal_flash_ex.o
HAL_FLASHEx_Erase_IT                              build/stm32f4xx_hal_flash_ex.o
HAL_FLASHEx_OBGetConfig                           build/stm32f4xx_hal_flash_ex.o
HAL_FLASHEx_OBProgram                             build/stm32f4xx_hal_flash_ex.o
HAL_FLASHEx_OB_DeSelectPCROP                      build/stm32f4xx_hal_flash_ex.o
HAL_FLASHEx_OB_SelectPCROP                        build/stm32f4xx_hal_flash_ex.o
HAL_FLASH_EndOfOperationCallback                  build/stm32f4xx_hal_flash.o
HAL_FLASH_GetError                                build/stm32f4xx_hal_flash.o
HAL_FLASH_IRQHandler                              build/stm32f4xx_hal_flash.o
HAL_FLASH_Lock                                    build/stm32f4xx_hal_flash.o
HAL_FLASH_OB_Launch                               build/stm32f4xx_hal_flash.o
HAL_FLASH_OB_Lock                                 build/stm32f4xx_hal_flash.o
HAL_FLASH_OB_Unlock                               build/stm32f4xx_hal_flash.o
HAL_FLASH_OperationErrorCallback                  build/stm32f4xx_hal_flash.o
HAL_FLASH_Program                                 build/stm32f4xx_hal_flash.o
HAL_FLASH_Program_IT                              build/stm32f4xx_hal_flash.o
HAL_FLASH_Unlock                                  build/stm32f4xx_hal_flash.o
HAL_GPIO_DeInit                                   build/stm32f4xx_hal_gpio.o
HAL_GPIO_EXTI_Callback                            build/stm32f4xx_hal_gpio.o
HAL_GPIO_EXTI_IRQHandler                          build/stm32f4xx_hal_gpio.o
HAL_GPIO_Init                                     build/stm32f4xx_hal_gpio.o
                                                  build/stm32f4xx_hal_rcc.o
                                                  build/led.o
HAL_GPIO_LockPin                                  build/stm32f4xx_hal_gpio.o
HAL_GPIO_ReadPin                                  build/stm32f4xx_hal_gpio.o
HAL_GPIO_TogglePin                                build/stm32f4xx_hal_gpio.o
                                                  build/main.o
HAL_GPIO_WritePin                                 build/stm32f4xx_hal_gpio.o
                                                  build/led.o
HAL_GetDEVID                                      build/stm32f4xx_hal.o
HAL_GetHalVersion                                 build/stm32f4xx_hal.o
HAL_GetREVID                                      build/stm32f4xx_hal.o
HAL_GetTick                                       build/stm32f4xx_hal.o
                                                  build/stm32f4xx_hal_pwr_ex.o
                                                  build/stm32f4xx_hal_dma.o
                                                  build/stm32f4xx_hal_flash.o
                                                  build/stm32f4xx_hal_rcc_ex.o
                                                  build/stm32f4xx_hal_rcc.o
HAL_GetTickFreq                                   build/stm32f4xx_hal.o
HAL_GetTickPrio                                   build/stm32f4xx_hal.o
HAL_GetUIDw0                                      build/stm32f4xx_hal.o
HAL_GetUIDw1                                      build/stm32f4xx_hal.o
HAL_GetUIDw2                                      build/stm32f4xx_hal.o
HAL_IncTick                                       build/stm32f4xx_hal.o
                                                  build/main.o
HAL_Init                                          build/stm32f4xx_hal.o
                                                  build/main.o
HAL_InitTick                                      build/stm32f4xx_hal.o
                                                  build/stm32f4xx_hal_rcc_ex.o
                                                  build/stm32f4xx_hal_rcc.o
HAL_MPU_ConfigRegion                              build/stm32f4xx_hal_cortex.o
HAL_MPU_Disable                                   build/stm32f4xx_hal_cortex.o
HAL_MPU_Enable                                    build/stm32f4xx_hal_cortex.o
HAL_MspDeInit                                     build/stm32f4xx_hal.o
HAL_MspInit                                       build/stm32f4xx_hal.o
HAL_NVIC_ClearPendingIRQ                          build/stm32f4xx_hal_cortex.o
HAL_NVIC_DisableIRQ                               build/stm32f4xx_hal_cortex.o
HAL_NVIC_EnableIRQ                                build/stm32f4xx_hal_cortex.o
HAL_NVIC_GetActive                                build/stm32f4xx_hal_cortex.o
HAL_NVIC_GetPendingIRQ                            build/stm32f4xx_hal_cortex.o
HAL_NVIC_GetPriority                              build/stm32f4xx_hal_cortex.o
HAL_NVIC_GetPriorityGrouping                      build/stm32f4xx_hal_cortex.o
HAL_NVIC_SetPendingIRQ                            build/stm32f4xx_hal_cortex.o
HAL_NVIC_SetPriority                              build/stm32f4xx_hal_cortex.o
                                                  build/stm32f4xx_hal.o
HAL_NVIC_SetPriorityGrouping                      build/stm32f4xx_hal_cortex.o
                                                  build/stm32f4xx_hal.o
HAL_NVIC_SystemReset                              build/stm32f4xx_hal_cortex.o
HAL_PWREx_ControlVoltageScaling                   build/stm32f4xx_hal_pwr_ex.o
HAL_PWREx_DisableBkUpReg                          build/stm32f4xx_hal_pwr_ex.o
HAL_PWREx_DisableFlashPowerDown                   build/stm32f4xx_hal_pwr_ex.o
HAL_PWREx_DisableLowRegulatorLowVoltage           build/stm32f4xx_hal_pwr_ex.o
HAL_PWREx_DisableMainRegulatorLowVoltage          build/stm32f4xx_hal_pwr_ex.o
HAL_PWREx_EnableBkUpReg                           build/stm32f4xx_hal_pwr_ex.o
HAL_PWREx_EnableFlashPowerDown                    build/stm32f4xx_hal_pwr_ex.o
HAL_PWREx_EnableLowRegulatorLowVoltage            build/stm32f4xx_hal_pwr_ex.o
HAL_PWREx_EnableMainRegulatorLowVoltage           build/stm32f4xx_hal_pwr_ex.o
HAL_PWREx_GetVoltageRange                         build/stm32f4xx_hal_pwr_ex.o
HAL_PWR_ConfigPVD                                 build/stm32f4xx_hal_pwr.o
HAL_PWR_DeInit                                    build/stm32f4xx_hal_pwr.o
HAL_PWR_DisableBkUpAccess                         build/stm32f4xx_hal_pwr.o
HAL_PWR_DisablePVD                                build/stm32f4xx_hal_pwr.o
HAL_PWR_DisableSEVOnPend                          build/stm32f4xx_hal_pwr.o
HAL_PWR_DisableSleepOnExit                        build/stm32f4xx_hal_pwr.o
HAL_PWR_DisableWakeUpPin                          build/stm32f4xx_hal_pwr.o
HAL_PWR_EnableBkUpAccess                          build/stm32f4xx_hal_pwr.o
HAL_PWR_EnablePVD                                 build/stm32f4xx_hal_pwr.o
HAL_PWR_EnableSEVOnPend                           build/stm32f4xx_hal_pwr.o
HAL_PWR_EnableSleepOnExit                         build/stm32f4xx_hal_pwr.o
HAL_PWR_EnableWakeUpPin                           build/stm32f4xx_hal_pwr.o
HAL_PWR_EnterSLEEPMode                            build/stm32f4xx_hal_pwr.o
HAL_PWR_EnterSTANDBYMode                          build/stm32f4xx_hal_pwr.o
HAL_PWR_EnterSTOPMode                             build/stm32f4xx_hal_pwr.o
HAL_PWR_PVDCallback                               build/stm32f4xx_hal_pwr.o
HAL_PWR_PVD_IRQHandler                            build/stm32f4xx_hal_pwr.o
HAL_RCCEx_DisablePLLI2S                           build/stm32f4xx_hal_rcc_ex.o
HAL_RCCEx_EnablePLLI2S                            build/stm32f4xx_hal_rcc_ex.o
HAL_RCCEx_GetPeriphCLKConfig                      build/stm32f4xx_hal_rcc_ex.o
HAL_RCCEx_GetPeriphCLKFreq                        build/stm32f4xx_hal_rcc_ex.o
HAL_RCCEx_PeriphCLKConfig                         build/stm32f4xx_hal_rcc_ex.o
HAL_RCC_CSSCallback                               build/stm32f4xx_hal_rcc.o
HAL_RCC_ClockConfig                               build/stm32f4xx_hal_rcc.o
HAL_RCC_DeInit                                    build/stm32f4xx_hal_rcc_ex.o
                                                  build/stm32f4xx_hal_rcc.o
HAL_RCC_DisableCSS                                build/stm32f4xx_hal_rcc.o
HAL_RCC_EnableCSS                                 build/stm32f4xx_hal_rcc.o
HAL_RCC_GetClockConfig                            build/stm32f4xx_hal_rcc.o
HAL_RCC_GetHCLKFreq                               build/stm32f4xx_hal_rcc.o
HAL_RCC_GetOscConfig                              build/stm32f4xx_hal_rcc.o
HAL_RCC_GetPCLK1Freq                              build/stm32f4xx_hal_rcc.o
HAL_RCC_GetPCLK2Freq                              build/stm32f4xx_hal_rcc.o
HAL_RCC_GetSysClockFreq                           build/stm32f4xx_hal_rcc.o
HAL_RCC_MCOConfig                                 build/stm32f4xx_hal_rcc.o
HAL_RCC_NMI_IRQHandler                            build/stm32f4xx_hal_rcc.o
HAL_RCC_OscConfig                                 build/stm32f4xx_hal_rcc.o
HAL_ResumeTick                                    build/stm32f4xx_hal.o
HAL_SYSTICK_CLKSourceConfig                       build/stm32f4xx_hal_cortex.o
HAL_SYSTICK_Callback                              build/stm32f4xx_hal_cortex.o
HAL_SYSTICK_Config                                build/stm32f4xx_hal_cortex.o
                                                  build/stm32f4xx_hal.o
HAL_SYSTICK_IRQHandler                            build/stm32f4xx_hal_cortex.o
HAL_SetTickFreq                                   build/stm32f4xx_hal.o
HAL_SuspendTick                                   build/stm32f4xx_hal.o
HardFault_Handler                                 build/startup_stm32f401xc.o
I2C1_ER_IRQHandler                                build/startup_stm32f401xc.o
I2C1_EV_IRQHandler                                build/startup_stm32f401xc.o
I2C2_ER_IRQHandler                                build/startup_stm32f401xc.o
I2C2_EV_IRQHandler                                build/startup_stm32f401xc.o
I2C3_ER_IRQHandler                                build/startup_stm32f401xc.o
I2C3_EV_IRQHandler                                build/startup_stm32f401xc.o
MemManage_Handler                                 build/startup_stm32f401xc.o
NMI_Handler                                       build/startup_stm32f401xc.o
OTG_FS_IRQHandler                                 build/startup_stm32f401xc.o
OTG_FS_WKUP_IRQHandler                            build/startup_stm32f401xc.o
PVD_IRQHandler                                    build/startup_stm32f401xc.o
PendSV_Handler                                    build/startup_stm32f401xc.o
RCC_IRQHandler                                    build/startup_stm32f401xc.o
RTC_Alarm_IRQHandler                              build/startup_stm32f401xc.o
RTC_WKUP_IRQHandler                               build/startup_stm32f401xc.o
Reset_Handler                                     build/startup_stm32f401xc.o
SDIO_IRQHandler                                   build/startup_stm32f401xc.o
SPI1_IRQHandler                                   build/startup_stm32f401xc.o
SPI2_IRQHandler                                   build/startup_stm32f401xc.o
SPI3_IRQHandler                                   build/startup_stm32f401xc.o
SPI4_IRQHandler                                   build/startup_stm32f401xc.o
SVC_Handler                                       build/startup_stm32f401xc.o
SysTick_Handler                                   build/main.o
SystemCoreClock                                   build/system_stm32f4xx.o
                                                  build/stm32f4xx_hal.o
                                                  build/stm32f4xx_hal_dma.o
                                                  build/stm32f4xx_hal_rcc_ex.o
                                                  build/stm32f4xx_hal_rcc.o
SystemCoreClockUpdate                             build/system_stm32f4xx.o
SystemInit                                        build/system_stm32f4xx.o
                                                  build/startup_stm32f401xc.o
TAMP_STAMP_IRQHandler                             build/startup_stm32f401xc.o
TIM1_BRK_TIM9_IRQHandler                          build/startup_stm32f401xc.o
TIM1_CC_IRQHandler                                build/startup_stm32f401xc.o
TIM1_TRG_COM_TIM11_IRQHandler                     build/startup_stm32f401xc.o
TIM1_UP_TIM10_IRQHandler                          build/startup_stm32f401xc.o
TIM2_IRQHandler                                   build/startup_stm32f401xc.o
TIM3_IRQHandler                                   build/startup_stm32f401xc.o
TIM4_IRQHandler                                   build/startup_stm32f401xc.o
TIM5_IRQHandler                                   build/startup_stm32f401xc.o
USART1_IRQHandler                                 build/startup_stm32f401xc.o
USART2_IRQHandler                                 build/startup_stm32f401xc.o
USART6_IRQHandler                                 build/startup_stm32f401xc.o
UsageFault_Handler                                build/startup_stm32f401xc.o
WWDG_IRQHandler                                   build/startup_stm32f401xc.o
__aeabi_idiv0                                     /usr/bin/../lib/gcc/arm-none-eabi/7.3.1/thumb/v7e-m/fpv4-sp/hard/libgcc.a(_dvmd_tls.o)
__aeabi_ldiv0                                     /usr/bin/../lib/gcc/arm-none-eabi/7.3.1/thumb/v7e-m/fpv4-sp/hard/libgcc.a(_dvmd_tls.o)
                                                  /usr/bin/../lib/gcc/arm-none-eabi/7.3.1/thumb/v7e-m/fpv4-sp/hard/libgcc.a(_aeabi_uldivmod.o)
__aeabi_uldivmod                                  /usr/bin/../lib/gcc/arm-none-eabi/7.3.1/thumb/v7e-m/fpv4-sp/hard/libgcc.a(_aeabi_uldivmod.o)
                                                  build/stm32f4xx_hal_rcc.o
__bss_end__                                       /usr/bin/../lib/gcc/arm-none-eabi/7.3.1/../../../../arm-none-eabi/lib/thumb/v7e-m/fpv4-sp/hard/crt0.o
__bss_start__                                     /usr/bin/../lib/gcc/arm-none-eabi/7.3.1/../../../../arm-none-eabi/lib/thumb/v7e-m/fpv4-sp/hard/crt0.o
__call_exitprocs                                  /usr/bin/../lib/gcc/arm-none-eabi/7.3.1/../../../../arm-none-eabi/lib/thumb/v7e-m/fpv4-sp/hard/libc_nano.a(lib_a-exit.o)
__deregister_frame_info                           /usr/bin/../lib/gcc/arm-none-eabi/7.3.1/thumb/v7e-m/fpv4-sp/hard/crtbegin.o
__dso_handle                                      /usr/bin/../lib/gcc/arm-none-eabi/7.3.1/thumb/v7e-m/fpv4-sp/hard/crtbegin.o
__init_array_end                                  /usr/bin/../lib/gcc/arm-none-eabi/7.3.1/../../../../arm-none-eabi/lib/thumb/v7e-m/fpv4-sp/hard/libc_nano.a(lib_a-init.o)
__init_array_start                                /usr/bin/../lib/gcc/arm-none-eabi/7.3.1/../../../../arm-none-eabi/lib/thumb/v7e-m/fpv4-sp/hard/libc_nano.a(lib_a-init.o)
__libc_fini_array                                 /usr/bin/../lib/gcc/arm-none-eabi/7.3.1/../../../../arm-none-eabi/lib/thumb/v7e-m/fpv4-sp/hard/crt0.o
__libc_init_array                                 /usr/bin/../lib/gcc/arm-none-eabi/7.3.1/../../../../arm-none-eabi/lib/thumb/v7e-m/fpv4-sp/hard/libc_nano.a(lib_a-init.o)
                                                  build/startup_stm32f401xc.o
                                                  /usr/bin/../lib/gcc/arm-none-eabi/7.3.1/../../../../arm-none-eabi/lib/thumb/v7e-m/fpv4-sp/hard/crt0.o
__preinit_array_end                               /usr/bin/../lib/gcc/arm-none-eabi/7.3.1/../../../../arm-none-eabi/lib/thumb/v7e-m/fpv4-sp/hard/libc_nano.a(lib_a-init.o)
__preinit_array_start                             /usr/bin/../lib/gcc/arm-none-eabi/7.3.1/../../../../arm-none-eabi/lib/thumb/v7e-m/fpv4-sp/hard/libc_nano.a(lib_a-init.o)
__register_frame_info                             /usr/bin/../lib/gcc/arm-none-eabi/7.3.1/thumb/v7e-m/fpv4-sp/hard/crtbegin.o
__sf_fake_stderr                                  /usr/bin/../lib/gcc/arm-none-eabi/7.3.1/../../../../arm-none-eabi/lib/thumb/v7e-m/fpv4-sp/hard/libc_nano.a(lib_a-impure.o)
__sf_fake_stdin                                   /usr/bin/../lib/gcc/arm-none-eabi/7.3.1/../../../../arm-none-eabi/lib/thumb/v7e-m/fpv4-sp/hard/libc_nano.a(lib_a-impure.o)
__sf_fake_stdout                                  /usr/bin/../lib/gcc/arm-none-eabi/7.3.1/../../../../arm-none-eabi/lib/thumb/v7e-m/fpv4-sp/hard/libc_nano.a(lib_a-impure.o)
__stack                                           /usr/bin/../lib/gcc/arm-none-eabi/7.3.1/../../../../arm-none-eabi/lib/thumb/v7e-m/fpv4-sp/hard/crt0.o
__udivmoddi4                                      /usr/bin/../lib/gcc/arm-none-eabi/7.3.1/thumb/v7e-m/fpv4-sp/hard/libgcc.a(_udivmoddi4.o)
                                                  /usr/bin/../lib/gcc/arm-none-eabi/7.3.1/thumb/v7e-m/fpv4-sp/hard/libgcc.a(_aeabi_uldivmod.o)
_ebss                                             build/startup_stm32f401xc.o
_edata                                            build/startup_stm32f401xc.o
_estack                                           build/startup_stm32f401xc.o
_exit                                             /usr/bin/../lib/gcc/arm-none-eabi/7.3.1/../../../../arm-none-eabi/lib/thumb/v7e-m/fpv4-sp/hard/libnosys.a(_exit.o)
                                                  /usr/bin/../lib/gcc/arm-none-eabi/7.3.1/../../../../arm-none-eabi/lib/thumb/v7e-m/fpv4-sp/hard/libc_nano.a(lib_a-exit.o)
_fini                                             /usr/bin/../lib/gcc/arm-none-eabi/7.3.1/thumb/v7e-m/fpv4-sp/hard/crti.o
_global_impure_ptr                                /usr/bin/../lib/gcc/arm-none-eabi/7.3.1/../../../../arm-none-eabi/lib/thumb/v7e-m/fpv4-sp/hard/libc_nano.a(lib_a-impure.o)
                                                  /usr/bin/../lib/gcc/arm-none-eabi/7.3.1/../../../../arm-none-eabi/lib/thumb/v7e-m/fpv4-sp/hard/libc_nano.a(lib_a-exit.o)
_impure_ptr                                       /usr/bin/../lib/gcc/arm-none-eabi/7.3.1/../../../../arm-none-eabi/lib/thumb/v7e-m/fpv4-sp/hard/libc_nano.a(lib_a-impure.o)
_init                                             /usr/bin/../lib/gcc/arm-none-eabi/7.3.1/thumb/v7e-m/fpv4-sp/hard/crti.o
                                                  /usr/bin/../lib/gcc/arm-none-eabi/7.3.1/../../../../arm-none-eabi/lib/thumb/v7e-m/fpv4-sp/hard/libc_nano.a(lib_a-init.o)
_mainCRTStartup                                   /usr/bin/../lib/gcc/arm-none-eabi/7.3.1/../../../../arm-none-eabi/lib/thumb/v7e-m/fpv4-sp/hard/crt0.o
_sbss                                             build/startup_stm32f401xc.o
_sdata                                            build/startup_stm32f401xc.o
_sidata                                           build/startup_stm32f401xc.o
_start                                            /usr/bin/../lib/gcc/arm-none-eabi/7.3.1/../../../../arm-none-eabi/lib/thumb/v7e-m/fpv4-sp/hard/crt0.o
atexit                                            /usr/bin/../lib/gcc/arm-none-eabi/7.3.1/../../../../arm-none-eabi/lib/thumb/v7e-m/fpv4-sp/hard/crt0.o
exit                                              /usr/bin/../lib/gcc/arm-none-eabi/7.3.1/../../../../arm-none-eabi/lib/thumb/v7e-m/fpv4-sp/hard/libc_nano.a(lib_a-exit.o)
                                                  /usr/bin/../lib/gcc/arm-none-eabi/7.3.1/../../../../arm-none-eabi/lib/thumb/v7e-m/fpv4-sp/hard/crt0.o
g_pfnVectors                                      build/startup_stm32f401xc.o
hardware_init_hook                                /usr/bin/../lib/gcc/arm-none-eabi/7.3.1/../../../../arm-none-eabi/lib/thumb/v7e-m/fpv4-sp/hard/crt0.o
led_init                                          build/led.o
                                                  build/main.o
main                                              build/main.o
                                                  build/startup_stm32f401xc.o
                                                  /usr/bin/../lib/gcc/arm-none-eabi/7.3.1/../../../../arm-none-eabi/lib/thumb/v7e-m/fpv4-sp/hard/crt0.o
memset                                            /usr/bin/../lib/gcc/arm-none-eabi/7.3.1/../../../../arm-none-eabi/lib/thumb/v7e-m/fpv4-sp/hard/libc_nano.a(lib_a-memset.o)
                                                  /usr/bin/../lib/gcc/arm-none-eabi/7.3.1/../../../../arm-none-eabi/lib/thumb/v7e-m/fpv4-sp/hard/crt0.o
pFlash                                            build/stm32f4xx_hal_flash.o
                                                  build/stm32f4xx_hal_flash_ex.o
software_init_hook                                /usr/bin/../lib/gcc/arm-none-eabi/7.3.1/../../../../arm-none-eabi/lib/thumb/v7e-m/fpv4-sp/hard/crt0.o
uwTick                                            build/stm32f4xx_hal.o
uwTickFreq                                        build/stm32f4xx_hal.o
uwTickPrio                                        build/stm32f4xx_hal.o
                                                  build/stm32f4xx_hal_rcc_ex.o
                                                  build/stm32f4xx_hal_rcc.o
